Nov 24 02:21:10 nefarious-laptop syslogd 1.5.0#5ubuntu3: restart.
Nov 24 02:21:10 nefarious-laptop anacron[2851]: Job `cron.daily' terminated
Nov 24 02:21:10 nefarious-laptop anacron[2851]: Normal exit (1 job run)
Nov 24 02:23:44 nefarious-laptop kernel: [  844.140495] atkbd.c: Spurious NAK on isa0060/serio0. Some program might be trying access hardware directly.
Nov 24 02:30:01 nefarious-laptop /USR/SBIN/CRON[3694]: (root) CMD ([ -x /usr/sbin/update-motd ] && /usr/sbin/update-motd 2>/dev/null)
Nov 24 02:40:01 nefarious-laptop /USR/SBIN/CRON[3910]: (root) CMD ([ -x /usr/sbin/update-motd ] && /usr/sbin/update-motd 2>/dev/null)
Nov 24 02:50:01 nefarious-laptop /USR/SBIN/CRON[4125]: (root) CMD ([ -x /usr/sbin/update-motd ] && /usr/sbin/update-motd 2>/dev/null)
Nov 24 03:00:01 nefarious-laptop /USR/SBIN/CRON[4347]: (root) CMD ([ -x /usr/sbin/update-motd ] && /usr/sbin/update-motd hourly 2>/dev/null)
Nov 24 03:00:01 nefarious-laptop /USR/SBIN/CRON[4349]: (root) CMD ([ -x /usr/sbin/update-motd ] && /usr/sbin/update-motd 2>/dev/null)
Nov 24 03:10:01 nefarious-laptop /USR/SBIN/CRON[4655]: (root) CMD ([ -x /usr/sbin/update-motd ] && /usr/sbin/update-motd 2>/dev/null)
Nov 24 03:17:02 nefarious-laptop /USR/SBIN/CRON[4870]: (root) CMD (   cd / && run-parts --report /etc/cron.hourly)
Nov 24 03:20:01 nefarious-laptop /USR/SBIN/CRON[4995]: (root) CMD ([ -x /usr/sbin/update-motd ] && /usr/sbin/update-motd 2>/dev/null)
Nov 24 03:30:01 nefarious-laptop /USR/SBIN/CRON[5210]: (root) CMD ([ -x /usr/sbin/update-motd ] && /usr/sbin/update-motd 2>/dev/null)
Nov 24 03:40:01 nefarious-laptop /USR/SBIN/CRON[5425]: (root) CMD ([ -x /usr/sbin/update-motd ] && /usr/sbin/update-motd 2>/dev/null)
Nov 24 03:50:01 nefarious-laptop /USR/SBIN/CRON[5640]: (root) CMD ([ -x /usr/sbin/update-motd ] && /usr/sbin/update-motd 2>/dev/null)
Nov 24 04:00:02 nefarious-laptop /USR/SBIN/CRON[5857]: (root) CMD ([ -x /usr/sbin/update-motd ] && /usr/sbin/update-motd hourly 2>/dev/null)
Nov 24 04:00:02 nefarious-laptop /USR/SBIN/CRON[5868]: (root) CMD ([ -x /usr/sbin/update-motd ] && /usr/sbin/update-motd 2>/dev/null)
Nov 24 04:10:02 nefarious-laptop /USR/SBIN/CRON[6170]: (root) CMD ([ -x /usr/sbin/update-motd ] && /usr/sbin/update-motd 2>/dev/null)
Nov 24 04:17:01 nefarious-laptop /USR/SBIN/CRON[6385]: (root) CMD (   cd / && run-parts --report /etc/cron.hourly)
Nov 24 04:20:01 nefarious-laptop /USR/SBIN/CRON[6510]: (root) CMD ([ -x /usr/sbin/update-motd ] && /usr/sbin/update-motd 2>/dev/null)
Nov 24 04:30:01 nefarious-laptop /USR/SBIN/CRON[6725]: (root) CMD ([ -x /usr/sbin/update-motd ] && /usr/sbin/update-motd 2>/dev/null)
Nov 24 04:40:01 nefarious-laptop /USR/SBIN/CRON[6940]: (root) CMD ([ -x /usr/sbin/update-motd ] && /usr/sbin/update-motd 2>/dev/null)
Nov 24 04:50:01 nefarious-laptop /USR/SBIN/CRON[7155]: (root) CMD ([ -x /usr/sbin/update-motd ] && /usr/sbin/update-motd 2>/dev/null)
Nov 24 05:00:02 nefarious-laptop /USR/SBIN/CRON[7377]: (root) CMD ([ -x /usr/sbin/update-motd ] && /usr/sbin/update-motd hourly 2>/dev/null)
Nov 24 05:00:02 nefarious-laptop /USR/SBIN/CRON[7379]: (root) CMD ([ -x /usr/sbin/update-motd ] && /usr/sbin/update-motd 2>/dev/null)
Nov 24 05:10:02 nefarious-laptop /USR/SBIN/CRON[7685]: (root) CMD ([ -x /usr/sbin/update-motd ] && /usr/sbin/update-motd 2>/dev/null)
Nov 24 05:17:01 nefarious-laptop /USR/SBIN/CRON[7900]: (root) CMD (   cd / && run-parts --report /etc/cron.hourly)
Nov 24 05:20:01 nefarious-laptop /USR/SBIN/CRON[8025]: (root) CMD ([ -x /usr/sbin/update-motd ] && /usr/sbin/update-motd 2>/dev/null)
Nov 24 05:30:01 nefarious-laptop /USR/SBIN/CRON[8240]: (root) CMD ([ -x /usr/sbin/update-motd ] && /usr/sbin/update-motd 2>/dev/null)
Nov 24 05:40:01 nefarious-laptop /USR/SBIN/CRON[8455]: (root) CMD ([ -x /usr/sbin/update-motd ] && /usr/sbin/update-motd 2>/dev/null)
Nov 24 05:50:01 nefarious-laptop /USR/SBIN/CRON[8670]: (root) CMD ([ -x /usr/sbin/update-motd ] && /usr/sbin/update-motd 2>/dev/null)
Nov 24 06:00:02 nefarious-laptop /USR/SBIN/CRON[8887]: (root) CMD ([ -x /usr/sbin/update-motd ] && /usr/sbin/update-motd hourly 2>/dev/null)
Nov 24 06:00:02 nefarious-laptop /USR/SBIN/CRON[8899]: (root) CMD ([ -x /usr/sbin/update-motd ] && /usr/sbin/update-motd 2>/dev/null)
Nov 24 06:10:02 nefarious-laptop /USR/SBIN/CRON[9200]: (root) CMD ([ -x /usr/sbin/update-motd ] && /usr/sbin/update-motd 2>/dev/null)
Nov 24 06:17:01 nefarious-laptop /USR/SBIN/CRON[9415]: (root) CMD (   cd / && run-parts --report /etc/cron.hourly)
Nov 24 06:20:01 nefarious-laptop /USR/SBIN/CRON[9540]: (root) CMD ([ -x /usr/sbin/update-motd ] && /usr/sbin/update-motd 2>/dev/null)
Nov 24 06:25:01 nefarious-laptop /USR/SBIN/CRON[9755]: (root) CMD (test -x /usr/sbin/anacron || ( cd / && run-parts --report /etc/cron.daily ))
Nov 24 06:30:02 nefarious-laptop /USR/SBIN/CRON[9879]: (root) CMD ([ -x /usr/sbin/update-motd ] && /usr/sbin/update-motd 2>/dev/null)
Nov 24 06:40:01 nefarious-laptop /USR/SBIN/CRON[10094]: (root) CMD ([ -x /usr/sbin/update-motd ] && /usr/sbin/update-motd 2>/dev/null)
Nov 24 06:50:01 nefarious-laptop /USR/SBIN/CRON[10309]: (root) CMD ([ -x /usr/sbin/update-motd ] && /usr/sbin/update-motd 2>/dev/null)
Nov 24 07:00:02 nefarious-laptop /USR/SBIN/CRON[10526]: (root) CMD ([ -x /usr/sbin/update-motd ] && /usr/sbin/update-motd hourly 2>/dev/null)
Nov 24 07:00:02 nefarious-laptop /USR/SBIN/CRON[10540]: (root) CMD ([ -x /usr/sbin/update-motd ] && /usr/sbin/update-motd 2>/dev/null)
Nov 24 07:10:01 nefarious-laptop /USR/SBIN/CRON[10749]: (root) CMD ([ -x /usr/sbin/update-motd ] && /usr/sbin/update-motd 2>/dev/null)
Nov 24 07:17:02 nefarious-laptop /USR/SBIN/CRON[10964]: (root) CMD (   cd / && run-parts --report /etc/cron.hourly)
Nov 24 07:20:01 nefarious-laptop /USR/SBIN/CRON[11089]: (root) CMD ([ -x /usr/sbin/update-motd ] && /usr/sbin/update-motd 2>/dev/null)
Nov 24 07:30:01 nefarious-laptop /USR/SBIN/CRON[11311]: (root) CMD ([ -x /usr/sbin/update-motd ] && /usr/sbin/update-motd 2>/dev/null)
Nov 24 07:30:01 nefarious-laptop /USR/SBIN/CRON[11314]: (root) CMD (test -x /etc/init.d/anacron && /usr/sbin/invoke-rc.d anacron start >/dev/null)
Nov 24 07:30:01 nefarious-laptop anacron[11359]: Anacron 2.3 started on 2009-11-24
Nov 24 07:30:01 nefarious-laptop anacron[11359]: Normal exit (0 jobs run)
Nov 24 07:40:01 nefarious-laptop /USR/SBIN/CRON[11633]: (root) CMD ([ -x /usr/sbin/update-motd ] && /usr/sbin/update-motd 2>/dev/null)
Nov 24 07:50:02 nefarious-laptop /USR/SBIN/CRON[11848]: (root) CMD ([ -x /usr/sbin/update-motd ] && /usr/sbin/update-motd 2>/dev/null)
Nov 24 08:00:01 nefarious-laptop /USR/SBIN/CRON[12070]: (root) CMD ([ -x /usr/sbin/update-motd ] && /usr/sbin/update-motd hourly 2>/dev/null)
Nov 24 08:00:01 nefarious-laptop /USR/SBIN/CRON[12072]: (root) CMD ([ -x /usr/sbin/update-motd ] && /usr/sbin/update-motd 2>/dev/null)
Nov 24 08:10:01 nefarious-laptop /USR/SBIN/CRON[12378]: (root) CMD ([ -x /usr/sbin/update-motd ] && /usr/sbin/update-motd 2>/dev/null)
Nov 24 08:17:01 nefarious-laptop /USR/SBIN/CRON[12593]: (root) CMD (   cd / && run-parts --report /etc/cron.hourly)
Nov 24 08:20:02 nefarious-laptop /USR/SBIN/CRON[12718]: (root) CMD ([ -x /usr/sbin/update-motd ] && /usr/sbin/update-motd 2>/dev/null)
Nov 24 08:30:01 nefarious-laptop /USR/SBIN/CRON[12933]: (root) CMD ([ -x /usr/sbin/update-motd ] && /usr/sbin/update-motd 2>/dev/null)
Nov 24 08:40:01 nefarious-laptop /USR/SBIN/CRON[13148]: (root) CMD ([ -x /usr/sbin/update-motd ] && /usr/sbin/update-motd 2>/dev/null)
Nov 24 08:50:02 nefarious-laptop /USR/SBIN/CRON[13363]: (root) CMD ([ -x /usr/sbin/update-motd ] && /usr/sbin/update-motd 2>/dev/null)
Nov 24 09:00:01 nefarious-laptop /USR/SBIN/CRON[13580]: (root) CMD ([ -x /usr/sbin/update-motd ] && /usr/sbin/update-motd hourly 2>/dev/null)
Nov 24 09:00:01 nefarious-laptop /USR/SBIN/CRON[13593]: (root) CMD ([ -x /usr/sbin/update-motd ] && /usr/sbin/update-motd 2>/dev/null)
Nov 24 09:10:01 nefarious-laptop /USR/SBIN/CRON[13893]: (root) CMD ([ -x /usr/sbin/update-motd ] && /usr/sbin/update-motd 2>/dev/null)
Nov 24 09:17:01 nefarious-laptop /USR/SBIN/CRON[14108]: (root) CMD (   cd / && run-parts --report /etc/cron.hourly)
Nov 24 09:20:02 nefarious-laptop /USR/SBIN/CRON[14233]: (root) CMD ([ -x /usr/sbin/update-motd ] && /usr/sbin/update-motd 2>/dev/null)
Nov 24 09:30:01 nefarious-laptop /USR/SBIN/CRON[14448]: (root) CMD ([ -x /usr/sbin/update-motd ] && /usr/sbin/update-motd 2>/dev/null)
Nov 24 09:40:01 nefarious-laptop /USR/SBIN/CRON[14663]: (root) CMD ([ -x /usr/sbin/update-motd ] && /usr/sbin/update-motd 2>/dev/null)
Nov 24 09:50:02 nefarious-laptop /USR/SBIN/CRON[14878]: (root) CMD ([ -x /usr/sbin/update-motd ] && /usr/sbin/update-motd 2>/dev/null)
Nov 24 10:00:01 nefarious-laptop /USR/SBIN/CRON[15095]: (root) CMD ([ -x /usr/sbin/update-motd ] && /usr/sbin/update-motd hourly 2>/dev/null)
Nov 24 10:00:01 nefarious-laptop /USR/SBIN/CRON[15108]: (root) CMD ([ -x /usr/sbin/update-motd ] && /usr/sbin/update-motd 2>/dev/null)
Nov 24 10:10:01 nefarious-laptop /USR/SBIN/CRON[15408]: (root) CMD ([ -x /usr/sbin/update-motd ] && /usr/sbin/update-motd 2>/dev/null)
Nov 24 10:17:01 nefarious-laptop /USR/SBIN/CRON[15623]: (root) CMD (   cd / && run-parts --report /etc/cron.hourly)
Nov 24 10:20:02 nefarious-laptop /USR/SBIN/CRON[15748]: (root) CMD ([ -x /usr/sbin/update-motd ] && /usr/sbin/update-motd 2>/dev/null)
Nov 24 10:30:01 nefarious-laptop /USR/SBIN/CRON[15963]: (root) CMD ([ -x /usr/sbin/update-motd ] && /usr/sbin/update-motd 2>/dev/null)
Nov 24 10:40:01 nefarious-laptop /USR/SBIN/CRON[16178]: (root) CMD ([ -x /usr/sbin/update-motd ] && /usr/sbin/update-motd 2>/dev/null)
Nov 24 10:50:01 nefarious-laptop /USR/SBIN/CRON[16393]: (root) CMD ([ -x /usr/sbin/update-motd ] && /usr/sbin/update-motd 2>/dev/null)
Nov 24 11:00:01 nefarious-laptop /USR/SBIN/CRON[16615]: (root) CMD ([ -x /usr/sbin/update-motd ] && /usr/sbin/update-motd hourly 2>/dev/null)
Nov 24 11:00:01 nefarious-laptop /USR/SBIN/CRON[16617]: (root) CMD ([ -x /usr/sbin/update-motd ] && /usr/sbin/update-motd 2>/dev/null)
Nov 24 11:10:01 nefarious-laptop /USR/SBIN/CRON[16923]: (root) CMD ([ -x /usr/sbin/update-motd ] && /usr/sbin/update-motd 2>/dev/null)
Nov 24 11:17:01 nefarious-laptop /USR/SBIN/CRON[17138]: (root) CMD (   cd / && run-parts --report /etc/cron.hourly)
Nov 24 11:20:02 nefarious-laptop /USR/SBIN/CRON[17263]: (root) CMD ([ -x /usr/sbin/update-motd ] && /usr/sbin/update-motd 2>/dev/null)
Nov 24 11:30:01 nefarious-laptop /USR/SBIN/CRON[17478]: (root) CMD ([ -x /usr/sbin/update-motd ] && /usr/sbin/update-motd 2>/dev/null)
Nov 24 11:40:01 nefarious-laptop /USR/SBIN/CRON[17693]: (root) CMD ([ -x /usr/sbin/update-motd ] && /usr/sbin/update-motd 2>/dev/null)
Nov 24 11:44:58 nefarious-laptop dhclient: DHCPREQUEST of 10.0.2.15 on eth0 to 10.0.2.2 port 67
Nov 24 11:44:58 nefarious-laptop dhclient: DHCPACK of 10.0.2.15 from 10.0.2.2
Nov 24 11:44:58 nefarious-laptop NetworkManager: <info>  DHCP: device eth0 state changed bound -> renew 
Nov 24 11:44:58 nefarious-laptop NetworkManager: <info>    address 10.0.2.15 
Nov 24 11:44:58 nefarious-laptop NetworkManager: <info>    prefix 24 (255.255.255.0) 
Nov 24 11:44:58 nefarious-laptop NetworkManager: <info>    gateway 10.0.2.2 
Nov 24 11:44:58 nefarious-laptop NetworkManager: <info>    nameserver '68.87.77.134' 
Nov 24 11:44:58 nefarious-laptop NetworkManager: <info>    nameserver '68.87.72.134' 
Nov 24 11:44:58 nefarious-laptop NetworkManager: <info>    domain name 'hsd1.mi.comcast.net.' 
Nov 24 11:44:58 nefarious-laptop dhclient: bound to 10.0.2.15 -- renewal in 39400 seconds.
Nov 24 11:50:02 nefarious-laptop /USR/SBIN/CRON[17909]: (root) CMD ([ -x /usr/sbin/update-motd ] && /usr/sbin/update-motd 2>/dev/null)
Nov 24 12:00:01 nefarious-laptop /USR/SBIN/CRON[18126]: (root) CMD ([ -x /usr/sbin/update-motd ] && /usr/sbin/update-motd hourly 2>/dev/null)
Nov 24 12:00:01 nefarious-laptop /USR/SBIN/CRON[18140]: (root) CMD ([ -x /usr/sbin/update-motd ] && /usr/sbin/update-motd 2>/dev/null)
Nov 24 12:10:02 nefarious-laptop /USR/SBIN/CRON[18349]: (root) CMD ([ -x /usr/sbin/update-motd ] && /usr/sbin/update-motd 2>/dev/null)
Nov 24 12:17:01 nefarious-laptop /USR/SBIN/CRON[18564]: (root) CMD (   cd / && run-parts --report /etc/cron.hourly)
Nov 24 12:20:01 nefarious-laptop /USR/SBIN/CRON[18689]: (root) CMD ([ -x /usr/sbin/update-motd ] && /usr/sbin/update-motd 2>/dev/null)
Nov 24 12:30:01 nefarious-laptop /USR/SBIN/CRON[18904]: (root) CMD ([ -x /usr/sbin/update-motd ] && /usr/sbin/update-motd 2>/dev/null)
Nov 24 12:40:01 nefarious-laptop /USR/SBIN/CRON[19119]: (root) CMD ([ -x /usr/sbin/update-motd ] && /usr/sbin/update-motd 2>/dev/null)
Nov 24 12:50:01 nefarious-laptop /USR/SBIN/CRON[19334]: (root) CMD ([ -x /usr/sbin/update-motd ] && /usr/sbin/update-motd 2>/dev/null)
Nov 24 13:00:01 nefarious-laptop /USR/SBIN/CRON[19551]: (root) CMD ([ -x /usr/sbin/update-motd ] && /usr/sbin/update-motd hourly 2>/dev/null)
Nov 24 13:00:02 nefarious-laptop /USR/SBIN/CRON[19563]: (root) CMD ([ -x /usr/sbin/update-motd ] && /usr/sbin/update-motd 2>/dev/null)
Nov 24 13:10:01 nefarious-laptop /USR/SBIN/CRON[19774]: (root) CMD ([ -x /usr/sbin/update-motd ] && /usr/sbin/update-motd 2>/dev/null)
Nov 24 13:17:02 nefarious-laptop /USR/SBIN/CRON[19989]: (root) CMD (   cd / && run-parts --report /etc/cron.hourly)
Nov 24 13:20:02 nefarious-laptop /USR/SBIN/CRON[20114]: (root) CMD ([ -x /usr/sbin/update-motd ] && /usr/sbin/update-motd 2>/dev/null)
Nov 24 13:30:01 nefarious-laptop /USR/SBIN/CRON[20329]: (root) CMD ([ -x /usr/sbin/update-motd ] && /usr/sbin/update-motd 2>/dev/null)
Nov 24 13:40:01 nefarious-laptop /USR/SBIN/CRON[20544]: (root) CMD ([ -x /usr/sbin/update-motd ] && /usr/sbin/update-motd 2>/dev/null)
Nov 24 13:50:01 nefarious-laptop /USR/SBIN/CRON[20759]: (root) CMD ([ -x /usr/sbin/update-motd ] && /usr/sbin/update-motd 2>/dev/null)
Nov 24 14:00:01 nefarious-laptop /USR/SBIN/CRON[20976]: (root) CMD ([ -x /usr/sbin/update-motd ] && /usr/sbin/update-motd hourly 2>/dev/null)
Nov 24 14:00:01 nefarious-laptop /USR/SBIN/CRON[20990]: (root) CMD ([ -x /usr/sbin/update-motd ] && /usr/sbin/update-motd 2>/dev/null)
Nov 24 14:10:01 nefarious-laptop /USR/SBIN/CRON[21199]: (root) CMD ([ -x /usr/sbin/update-motd ] && /usr/sbin/update-motd 2>/dev/null)
Nov 24 14:17:01 nefarious-laptop /USR/SBIN/CRON[21414]: (root) CMD (   cd / && run-parts --report /etc/cron.hourly)
Nov 24 14:17:45 nefarious-laptop init: tty4 main process (1862) killed by TERM signal
Nov 24 14:17:45 nefarious-laptop init: tty5 main process (1863) killed by TERM signal
Nov 24 14:17:45 nefarious-laptop init: tty2 main process (1869) killed by TERM signal
Nov 24 14:17:45 nefarious-laptop init: tty3 main process (1870) killed by TERM signal
Nov 24 14:17:45 nefarious-laptop init: tty6 main process (1874) killed by TERM signal
Nov 24 14:17:45 nefarious-laptop init: tty1 main process (2528) killed by TERM signal
Nov 24 14:17:46 nefarious-laptop kernel: [43685.727201] mtrr: no MTRR for e0000000,c00000 found
Nov 24 14:17:51 nefarious-laptop bluetoothd[2215]: bridge pan0 removed
Nov 24 14:17:51 nefarious-laptop bluetoothd[2215]: Stopping SDP server
Nov 24 14:17:51 nefarious-laptop bluetoothd[2215]: Exit
Nov 24 14:17:51 nefarious-laptop exiting on signal 15
Nov 24 16:29:56 nefarious-laptop syslogd 1.5.0#5ubuntu3: restart.
Nov 24 16:29:56 nefarious-laptop kernel: Inspecting /boot/System.map-2.6.28-16-generic
Nov 24 16:29:56 nefarious-laptop kernel: Cannot find map file.
Nov 24 16:29:56 nefarious-laptop kernel: Loaded 50862 symbols from 37 modules.
Nov 24 16:29:56 nefarious-laptop kernel: [    0.000000] BIOS EBDA/lowmem at: 0009fc00/0009fc00
Nov 24 16:29:56 nefarious-laptop kernel: [    0.000000] Initializing cgroup subsys cpuset
Nov 24 16:29:56 nefarious-laptop kernel: [    0.000000] Initializing cgroup subsys cpu
Nov 24 16:29:56 nefarious-laptop kernel: [    0.000000] Linux version 2.6.28-16-generic (buildd@vernadsky) (gcc version 4.3.3 (Ubuntu 4.3.3-5ubuntu4) ) #55-Ubuntu SMP Tue Oct 20 19:48:24 UTC 2009 (Ubuntu 2.6.28-16.55-generic)
Nov 24 16:29:56 nefarious-laptop kernel: [    0.000000] KERNEL supported cpus:
Nov 24 16:29:56 nefarious-laptop kernel: [    0.000000]   Intel GenuineIntel
Nov 24 16:29:56 nefarious-laptop kernel: [    0.000000]   AMD AuthenticAMD
Nov 24 16:29:56 nefarious-laptop kernel: [    0.000000]   NSC Geode by NSC
Nov 24 16:29:56 nefarious-laptop kernel: [    0.000000]   Cyrix CyrixInstead
Nov 24 16:29:56 nefarious-laptop kernel: [    0.000000]   Centaur CentaurHauls
Nov 24 16:29:56 nefarious-laptop kernel: [    0.000000]   Transmeta GenuineTMx86
Nov 24 16:29:56 nefarious-laptop kernel: [    0.000000]   Transmeta TransmetaCPU
Nov 24 16:29:56 nefarious-laptop kernel: [    0.000000]   UMC UMC UMC UMC
Nov 24 16:29:56 nefarious-laptop kernel: [    0.000000] BIOS-provided physical RAM map:
Nov 24 16:29:56 nefarious-laptop kernel: [    0.000000]  BIOS-e820: 0000000000000000 - 000000000009fc00 (usable)
Nov 24 16:29:56 nefarious-laptop kernel: [    0.000000]  BIOS-e820: 000000000009fc00 - 00000000000a0000 (reserved)
Nov 24 16:29:56 nefarious-laptop kernel: [    0.000000]  BIOS-e820: 00000000000f0000 - 0000000000100000 (reserved)
Nov 24 16:29:56 nefarious-laptop kernel: [    0.000000]  BIOS-e820: 0000000000100000 - 000000001fff0000 (usable)
Nov 24 16:29:56 nefarious-laptop kernel: [    0.000000]  BIOS-e820: 000000001fff0000 - 0000000020000000 (ACPI data)
Nov 24 16:29:56 nefarious-laptop kernel: [    0.000000]  BIOS-e820: 00000000fffc0000 - 0000000100000000 (reserved)
Nov 24 16:29:56 nefarious-laptop kernel: [    0.000000] DMI 2.5 present.
Nov 24 16:29:56 nefarious-laptop kernel: [    0.000000] last_pfn = 0x1fff0 max_arch_pfn = 0x100000
Nov 24 16:29:56 nefarious-laptop kernel: [    0.000000] CPU MTRRs all blank - virtualized system.
Nov 24 16:29:56 nefarious-laptop kernel: [    0.000000] Scanning 2 areas for low memory corruption
Nov 24 16:29:56 nefarious-laptop kernel: [    0.000000] modified physical RAM map:
Nov 24 16:29:56 nefarious-laptop kernel: [    0.000000]  modified: 0000000000000000 - 0000000000002000 (usable)
Nov 24 16:29:56 nefarious-laptop kernel: [    0.000000]  modified: 0000000000002000 - 0000000000006000 (reserved)
Nov 24 16:29:56 nefarious-laptop kernel: [    0.000000]  modified: 0000000000006000 - 0000000000007000 (usable)
Nov 24 16:29:56 nefarious-laptop kernel: [    0.000000]  modified: 0000000000007000 - 0000000000010000 (reserved)
Nov 24 16:29:56 nefarious-laptop kernel: [    0.000000]  modified: 0000000000010000 - 0000000000092c00 (usable)
Nov 24 16:29:56 nefarious-laptop kernel: [    0.000000]  modified: 000000000009fc00 - 00000000000a0000 (reserved)
Nov 24 16:29:56 nefarious-laptop kernel: [    0.000000]  modified: 00000000000f0000 - 0000000000100000 (reserved)
Nov 24 16:29:56 nefarious-laptop kernel: [    0.000000]  modified: 0000000000100000 - 000000001fff0000 (usable)
Nov 24 16:29:56 nefarious-laptop kernel: [    0.000000]  modified: 000000001fff0000 - 0000000020000000 (ACPI data)
Nov 24 16:29:56 nefarious-laptop kernel: [    0.000000]  modified: 00000000fffc0000 - 0000000100000000 (reserved)
Nov 24 16:29:56 nefarious-laptop kernel: [    0.000000] kernel direct mapping tables up to 1fff0000 @ 10000-16000
Nov 24 16:29:56 nefarious-laptop kernel: [    0.000000] RAMDISK: 1f89e000 - 1ffdfbc7
Nov 24 16:29:56 nefarious-laptop kernel: [    0.000000] ACPI: RSDP 000E0000, 0024 (r2 VBOX  )
Nov 24 16:29:56 nefarious-laptop kernel: [    0.000000] ACPI: XSDT 1FFF0030, 002C (r1 VBOX   VBOXXSDT        1 ASL        61)
Nov 24 16:29:56 nefarious-laptop kernel: [    0.000000] ACPI: FACP 1FFF00E0, 00F4 (r4 VBOX   VBOXFACP        1 ASL        61)
Nov 24 16:29:56 nefarious-laptop kernel: [    0.000000] ACPI: DSDT 1FFF0220, 1A0C (r1 VBOX   VBOXBIOS        2 INTL 20090521)
Nov 24 16:29:56 nefarious-laptop kernel: [    0.000000] ACPI: FACS 1FFF01E0, 0040
Nov 24 16:29:56 nefarious-laptop kernel: [    0.000000] 0MB HIGHMEM available.
Nov 24 16:29:56 nefarious-laptop kernel: [    0.000000] 511MB LOWMEM available.
Nov 24 16:29:56 nefarious-laptop kernel: [    0.000000]   mapped low ram: 0 - 1fff0000
Nov 24 16:29:56 nefarious-laptop kernel: [    0.000000]   low ram: 00000000 - 1fff0000
Nov 24 16:29:56 nefarious-laptop kernel: [    0.000000]   bootmap 00012000 - 00016000
Nov 24 16:29:56 nefarious-laptop kernel: [    0.000000] (9 early reservations) ==> bootmem [0000000000 - 001fff0000]
Nov 24 16:29:56 nefarious-laptop kernel: [    0.000000]   #0 [0000000000 - 0000001000]   BIOS data page ==> [0000000000 - 0000001000]
Nov 24 16:29:56 nefarious-laptop kernel: [    0.000000]   #1 [0000001000 - 0000002000]    EX TRAMPOLINE ==> [0000001000 - 0000002000]
Nov 24 16:29:56 nefarious-laptop kernel: [    0.000000]   #2 [0000006000 - 0000007000]       TRAMPOLINE ==> [0000006000 - 0000007000]
Nov 24 16:29:56 nefarious-laptop kernel: [    0.000000]   #3 [0000100000 - 00008780ac]    TEXT DATA BSS ==> [0000100000 - 00008780ac]
Nov 24 16:29:56 nefarious-laptop kernel: [    0.000000]   #4 [001f89e000 - 001ffdfbc7]          RAMDISK ==> [001f89e000 - 001ffdfbc7]
Nov 24 16:29:56 nefarious-laptop kernel: [    0.000000]   #5 [0000879000 - 000087d000]    INIT_PG_TABLE ==> [0000879000 - 000087d000]
Nov 24 16:29:56 nefarious-laptop kernel: [    0.000000]   #6 [000009fc00 - 0000100000]    BIOS reserved ==> [000009fc00 - 0000100000]
Nov 24 16:29:56 nefarious-laptop kernel: [    0.000000]   #7 [0000010000 - 0000012000]          PGTABLE ==> [0000010000 - 0000012000]
Nov 24 16:29:56 nefarious-laptop kernel: [    0.000000]   #8 [0000012000 - 0000016000]          BOOTMAP ==> [0000012000 - 0000016000]
Nov 24 16:29:56 nefarious-laptop kernel: [    0.000000] Zone PFN ranges:
Nov 24 16:29:56 nefarious-laptop kernel: [    0.000000]   DMA      0x00000000 -> 0x00001000
Nov 24 16:29:56 nefarious-laptop kernel: [    0.000000]   Normal   0x00001000 -> 0x0001fff0
Nov 24 16:29:56 nefarious-laptop kernel: [    0.000000]   HighMem  0x0001fff0 -> 0x0001fff0
Nov 24 16:29:56 nefarious-laptop kernel: [    0.000000] Movable zone start PFN for each node
Nov 24 16:29:56 nefarious-laptop kernel: [    0.000000] early_node_map[4] active PFN ranges
Nov 24 16:29:56 nefarious-laptop kernel: [    0.000000]     0: 0x00000000 -> 0x00000002
Nov 24 16:29:56 nefarious-laptop kernel: [    0.000000]     0: 0x00000006 -> 0x00000007
Nov 24 16:29:56 nefarious-laptop kernel: [    0.000000]     0: 0x00000010 -> 0x00000092
Nov 24 16:29:56 nefarious-laptop kernel: [    0.000000]     0: 0x00000100 -> 0x0001fff0
Nov 24 16:29:56 nefarious-laptop kernel: [    0.000000] On node 0 totalpages: 130933
Nov 24 16:29:56 nefarious-laptop kernel: [    0.000000] free_area_init_node: node 0, pgdat c06cb780, node_mem_map c1000000
Nov 24 16:29:56 nefarious-laptop kernel: [    0.000000]   DMA zone: 32 pages used for memmap
Nov 24 16:29:56 nefarious-laptop kernel: [    0.000000]   DMA zone: 0 pages reserved
Nov 24 16:29:56 nefarious-laptop kernel: [    0.000000]   DMA zone: 3941 pages, LIFO batch:0
Nov 24 16:29:56 nefarious-laptop kernel: [    0.000000]   Normal zone: 992 pages used for memmap
Nov 24 16:29:56 nefarious-laptop kernel: [    0.000000]   Normal zone: 125968 pages, LIFO batch:31
Nov 24 16:29:56 nefarious-laptop kernel: [    0.000000]   HighMem zone: 0 pages used for memmap
Nov 24 16:29:56 nefarious-laptop kernel: [    0.000000]   Movable zone: 0 pages used for memmap
Nov 24 16:29:56 nefarious-laptop kernel: [    0.000000] ACPI: PM-Timer IO Port: 0x4008
Nov 24 16:29:56 nefarious-laptop kernel: [    0.000000] SMP: Allowing 1 CPUs, 0 hotplug CPUs
Nov 24 16:29:56 nefarious-laptop kernel: [    0.000000] Found and enabled local APIC!
Nov 24 16:29:56 nefarious-laptop kernel: [    0.000000] PM: Registered nosave memory: 0000000000002000 - 0000000000006000
Nov 24 16:29:56 nefarious-laptop kernel: [    0.000000] PM: Registered nosave memory: 0000000000007000 - 0000000000010000
Nov 24 16:29:56 nefarious-laptop kernel: [    0.000000] PM: Registered nosave memory: 0000000000092000 - 00000000000a0000
Nov 24 16:29:56 nefarious-laptop kernel: [    0.000000] PM: Registered nosave memory: 00000000000a0000 - 00000000000f0000
Nov 24 16:29:56 nefarious-laptop kernel: [    0.000000] PM: Registered nosave memory: 00000000000f0000 - 0000000000100000
Nov 24 16:29:56 nefarious-laptop kernel: [    0.000000] Allocating PCI resources starting at 30000000 (gap: 20000000:dffc0000)
Nov 24 16:29:56 nefarious-laptop kernel: [    0.000000] PERCPU: Allocating 45056 bytes of per cpu data
Nov 24 16:29:56 nefarious-laptop kernel: [    0.000000] NR_CPUS: 64, nr_cpu_ids: 1, nr_node_ids 1
Nov 24 16:29:56 nefarious-laptop kernel: [    0.000000] Built 1 zonelists in Zone order, mobility grouping on.  Total pages: 129909
Nov 24 16:29:56 nefarious-laptop kernel: [    0.000000] Kernel command line: root=UUID=5682e4e0-1bb4-4186-af8b-8dafe126877d ro quiet splash 
Nov 24 16:29:56 nefarious-laptop kernel: [    0.000000] Enabling fast FPU save and restore... done.
Nov 24 16:29:56 nefarious-laptop kernel: [    0.000000] Enabling unmasked SIMD FPU exception support... done.
Nov 24 16:29:56 nefarious-laptop kernel: [    0.000000] Initializing CPU#0
Nov 24 16:29:56 nefarious-laptop kernel: [    0.000000] PID hash table entries: 2048 (order: 11, 8192 bytes)
Nov 24 16:29:56 nefarious-laptop kernel: [    0.000000] TSC: Unable to calibrate against PIT
Nov 24 16:29:56 nefarious-laptop kernel: [    0.000000] TSC: using PMTIMER reference calibration
Nov 24 16:29:56 nefarious-laptop kernel: [    0.000000] Detected 2392.997 MHz processor.
Nov 24 16:29:56 nefarious-laptop kernel: [    0.004000] Console: colour VGA+ 80x25
Nov 24 16:29:56 nefarious-laptop kernel: [    0.004000] console [tty0] enabled
Nov 24 16:29:56 nefarious-laptop kernel: [    0.004000] Dentry cache hash table entries: 65536 (order: 6, 262144 bytes)
Nov 24 16:29:56 nefarious-laptop kernel: [    0.004000] Inode-cache hash table entries: 32768 (order: 5, 131072 bytes)
Nov 24 16:29:56 nefarious-laptop kernel: [    0.004000] allocated 2621120 bytes of page_cgroup
Nov 24 16:29:56 nefarious-laptop kernel: [    0.004000] please try cgroup_disable=memory option if you don't want
Nov 24 16:29:56 nefarious-laptop kernel: [    0.004000] Scanning for low memory corruption every 60 seconds
Nov 24 16:29:56 nefarious-laptop kernel: [    0.004000] Memory: 501240k/524224k available (4116k kernel code, 22248k reserved, 2199k data, 532k init, 0k highmem)
Nov 24 16:29:56 nefarious-laptop kernel: [    0.004000] virtual kernel memory layout:
Nov 24 16:29:56 nefarious-laptop kernel: [    0.004000]     fixmap  : 0xffc77000 - 0xfffff000   (3616 kB)
Nov 24 16:29:56 nefarious-laptop kernel: [    0.004000]     pkmap   : 0xff400000 - 0xff800000   (4096 kB)
Nov 24 16:29:56 nefarious-laptop kernel: [    0.004000]     vmalloc : 0xe07f0000 - 0xff3fe000   ( 492 MB)
Nov 24 16:29:56 nefarious-laptop kernel: [    0.004000]     lowmem  : 0xc0000000 - 0xdfff0000   ( 511 MB)
Nov 24 16:29:56 nefarious-laptop kernel: [    0.004000]       .init : 0xc0733000 - 0xc07b8000   ( 532 kB)
Nov 24 16:29:56 nefarious-laptop kernel: [    0.004000]       .data : 0xc050520d - 0xc072ae60   (2199 kB)
Nov 24 16:29:56 nefarious-laptop kernel: [    0.004000]       .text : 0xc0100000 - 0xc050520d   (4116 kB)
Nov 24 16:29:56 nefarious-laptop kernel: [    0.004000] Checking if this processor honours the WP bit even in supervisor mode...Ok.
Nov 24 16:29:56 nefarious-laptop kernel: [    0.004000] SLUB: Genslabs=12, HWalign=64, Order=0-3, MinObjects=0, CPUs=1, Nodes=1
Nov 24 16:29:56 nefarious-laptop kernel: [    0.068520] Calibrating delay loop (skipped), value calculated using timer frequency.. 4785.99 BogoMIPS (lpj=9571988)
Nov 24 16:29:56 nefarious-laptop kernel: [    0.069089] Security Framework initialized
Nov 24 16:29:56 nefarious-laptop kernel: [    0.069158] SELinux:  Disabled at boot.
Nov 24 16:29:56 nefarious-laptop kernel: [    0.072743] AppArmor: AppArmor initialized
Nov 24 16:29:56 nefarious-laptop kernel: [    0.072962] Mount-cache hash table entries: 512
Nov 24 16:29:56 nefarious-laptop kernel: [    0.099017] Initializing cgroup subsys ns
Nov 24 16:29:56 nefarious-laptop kernel: [    0.099286] Initializing cgroup subsys cpuacct
Nov 24 16:29:56 nefarious-laptop kernel: [    0.100154] Initializing cgroup subsys memory
Nov 24 16:29:56 nefarious-laptop kernel: [    0.100289] Initializing cgroup subsys freezer
Nov 24 16:29:56 nefarious-laptop kernel: [    0.100501] 
Nov 24 16:29:56 nefarious-laptop kernel: [    0.100557] using mwait in idle threads.
Nov 24 16:29:56 nefarious-laptop kernel: [    0.101030] Checking 'hlt' instruction... OK.
Nov 24 16:29:56 nefarious-laptop kernel: [    0.154213] SMP alternatives: switching to UP code
Nov 24 16:29:56 nefarious-laptop kernel: [    0.988002] Freeing SMP alternatives: 18k freed
Nov 24 16:29:56 nefarious-laptop kernel: [    0.993147] ACPI: Core revision 20080926
Nov 24 16:29:56 nefarious-laptop kernel: [    1.013485] ACPI: Checking initramfs for custom DSDT
Nov 24 16:29:56 nefarious-laptop kernel: [    1.385598] ACPI: setting ELCR to 0200 (from 0e20)
Nov 24 16:29:56 nefarious-laptop kernel: [    1.424917] weird, boot CPU (#0) not listedby the BIOS.
Nov 24 16:29:56 nefarious-laptop kernel: [    1.425020] SMP motherboard not detected.
Nov 24 16:29:56 nefarious-laptop kernel: [    1.428003] APIC calibration not consistent with PM Timer: 97ms instead of 100ms
Nov 24 16:29:56 nefarious-laptop kernel: [    1.428003] APIC delta adjusted to PM-Timer: 6207983 (6041786)
Nov 24 16:29:56 nefarious-laptop kernel: [    1.432003] SMP disabled
Nov 24 16:29:56 nefarious-laptop kernel: [    1.445653] Brought up 1 CPUs
Nov 24 16:29:56 nefarious-laptop kernel: [    1.445673] Total of 1 processors activated (4785.99 BogoMIPS).
Nov 24 16:29:56 nefarious-laptop kernel: [    1.445705] CPU0 attaching NULL sched-domain.
Nov 24 16:29:56 nefarious-laptop kernel: [    1.454327] net_namespace: 776 bytes
Nov 24 16:29:56 nefarious-laptop kernel: [    1.456637] Booting paravirtualized kernel on bare hardware
Nov 24 16:29:56 nefarious-laptop kernel: [    1.460263] Time: 21:29:29  Date: 11/24/09
Nov 24 16:29:56 nefarious-laptop kernel: [    1.460586] regulator: core version 0.5
Nov 24 16:29:56 nefarious-laptop kernel: [    1.460950] NET: Registered protocol family 16
Nov 24 16:29:56 nefarious-laptop kernel: [    1.466393] EISA bus registered
Nov 24 16:29:56 nefarious-laptop kernel: [    1.466615] ACPI: bus type pci registered
Nov 24 16:29:56 nefarious-laptop kernel: [    1.472189] PCI: PCI BIOS revision 2.10 entry at 0xfc080, last bus=0
Nov 24 16:29:56 nefarious-laptop kernel: [    1.472205] PCI: Using configuration type 1 for base access
Nov 24 16:29:56 nefarious-laptop kernel: [    1.479034] ACPI: EC: Look up EC in DSDT
Nov 24 16:29:56 nefarious-laptop kernel: [    1.545517] ACPI: Interpreter enabled
Nov 24 16:29:56 nefarious-laptop kernel: [    1.545536] ACPI: (supports S0 S5)
Nov 24 16:29:56 nefarious-laptop kernel: [    1.545567] ACPI: Using PIC for interrupt routing
Nov 24 16:29:56 nefarious-laptop kernel: [    1.633894] ACPI: No dock devices found.
Nov 24 16:29:56 nefarious-laptop kernel: [    1.636504] ACPI: PCI Root Bridge [PCI0] (0000:00)
Nov 24 16:29:56 nefarious-laptop kernel: [    1.643766] pci 0000:00:01.1: reg 20 io port: [0xd000-0xd00f]
Nov 24 16:29:56 nefarious-laptop kernel: [    1.645295] pci 0000:00:02.0: reg 10 32bit mmio: [0xe0000000-0xe0ffffff]
Nov 24 16:29:56 nefarious-laptop kernel: [    1.645877] pci 0000:00:03.0: reg 10 io port: [0xd020-0xd03f]
Nov 24 16:29:56 nefarious-laptop kernel: [    1.646066] pci 0000:00:03.0: reg 14 32bit mmio: [0xf0000000-0xf0000fff]
Nov 24 16:29:56 nefarious-laptop kernel: [    1.646215] pci 0000:00:03.0: reg 18 32bit mmio: [0xf0080000-0xf00fffff]
Nov 24 16:29:56 nefarious-laptop kernel: [    1.646646] pci 0000:00:04.0: reg 10 io port: [0xd040-0xd05f]
Nov 24 16:29:56 nefarious-laptop kernel: [    1.646800] pci 0000:00:04.0: reg 14 32bit mmio: [0xf0400000-0xf07fffff]
Nov 24 16:29:56 nefarious-laptop kernel: [    1.646930] pci 0000:00:04.0: reg 18 32bit mmio: [0xf0800000-0xf0803fff]
Nov 24 16:29:56 nefarious-laptop kernel: [    1.647347] pci 0000:00:05.0: reg 10 io port: [0xd100-0xd1ff]
Nov 24 16:29:56 nefarious-laptop kernel: [    1.648132] pci 0000:00:05.0: reg 14 io port: [0xd200-0xd23f]
Nov 24 16:29:56 nefarious-laptop kernel: [    1.648521] pci 0000:00:06.0: reg 10 32bit mmio: [0xf0804000-0xf0804fff]
Nov 24 16:29:56 nefarious-laptop kernel: [    1.649421] pci 0000:00:0b.0: reg 10 32bit mmio: [0xf0805000-0xf0805fff]
Nov 24 16:29:56 nefarious-laptop kernel: [    1.649763] bus 00 -> node 0
Nov 24 16:29:56 nefarious-laptop kernel: [    1.649823] ACPI: PCI Interrupt Routing Table [\_SB_.PCI0._PRT]
Nov 24 16:29:56 nefarious-laptop kernel: [    2.186067] ACPI: PCI Interrupt Link [LNKA] (IRQs 5 *9 10 11)
Nov 24 16:29:56 nefarious-laptop kernel: [    2.188479] ACPI: PCI Interrupt Link [LNKB] (IRQs *5 9 10 11)
Nov 24 16:29:56 nefarious-laptop kernel: [    2.188893] ACPI: PCI Interrupt Link [LNKC] (IRQs 5 9 10 *11)
Nov 24 16:29:56 nefarious-laptop kernel: [    2.189293] ACPI: PCI Interrupt Link [LNKD] (IRQs 5 9 *10 11)
Nov 24 16:29:56 nefarious-laptop kernel: [    2.190151] ACPI: WMI: Mapper loaded
Nov 24 16:29:56 nefarious-laptop kernel: [    2.193353] SCSI subsystem initialized
Nov 24 16:29:56 nefarious-laptop kernel: [    2.193849] libata version 3.00 loaded.
Nov 24 16:29:56 nefarious-laptop kernel: [    2.194427] usbcore: registered new interface driver usbfs
Nov 24 16:29:56 nefarious-laptop kernel: [    2.194685] usbcore: registered new interface driver hub
Nov 24 16:29:56 nefarious-laptop kernel: [    2.194816] usbcore: registered new device driver usb
Nov 24 16:29:56 nefarious-laptop kernel: [    2.205274] PCI: Using ACPI for IRQ routing
Nov 24 16:29:56 nefarious-laptop kernel: [    2.209127] Bluetooth: Core ver 2.13
Nov 24 16:29:56 nefarious-laptop kernel: [    2.209561] NET: Registered protocol family 31
Nov 24 16:29:56 nefarious-laptop kernel: [    2.209570] Bluetooth: HCI device and connection manager initialized
Nov 24 16:29:56 nefarious-laptop kernel: [    2.209586] Bluetooth: HCI socket layer initialized
Nov 24 16:29:56 nefarious-laptop kernel: [    2.209596] NET: Registered protocol family 8
Nov 24 16:29:56 nefarious-laptop kernel: [    2.209603] NET: Registered protocol family 20
Nov 24 16:29:56 nefarious-laptop kernel: [    2.209638] NetLabel: Initializing
Nov 24 16:29:56 nefarious-laptop kernel: [    2.209647] NetLabel:  domain hash size = 128
Nov 24 16:29:56 nefarious-laptop kernel: [    2.209654] NetLabel:  protocols = UNLABELED CIPSOv4
Nov 24 16:29:56 nefarious-laptop kernel: [    2.210308] NetLabel:  unlabeled traffic allowed by default
Nov 24 16:29:56 nefarious-laptop kernel: [    2.211134] AppArmor: AppArmor Filesystem Enabled
Nov 24 16:29:56 nefarious-laptop kernel: [    2.212252] pnp: PnP ACPI init
Nov 24 16:29:56 nefarious-laptop kernel: [    2.212350] ACPI: bus type pnp registered
Nov 24 16:29:56 nefarious-laptop kernel: [    2.297912] pnp: PnP ACPI: found 6 devices
Nov 24 16:29:56 nefarious-laptop kernel: [    2.297945] ACPI: ACPI bus type pnp unregistered
Nov 24 16:29:56 nefarious-laptop kernel: [    2.297993] PnPBIOS: Disabled by ACPI PNP
Nov 24 16:29:56 nefarious-laptop kernel: [    2.335194] bus: 00 index 0 io port: [0x00-0xffff]
Nov 24 16:29:56 nefarious-laptop kernel: [    2.335204] bus: 00 index 1 mmio: [0x000000-0xffffffff]
Nov 24 16:29:56 nefarious-laptop kernel: [    2.335226] NET: Registered protocol family 2
Nov 24 16:29:56 nefarious-laptop kernel: [    2.337571] IP route cache hash table entries: 4096 (order: 2, 16384 bytes)
Nov 24 16:29:56 nefarious-laptop kernel: [    2.337866] TCP established hash table entries: 16384 (order: 5, 131072 bytes)
Nov 24 16:29:56 nefarious-laptop kernel: [    2.337975] TCP bind hash table entries: 16384 (order: 5, 131072 bytes)
Nov 24 16:29:56 nefarious-laptop kernel: [    2.338077] TCP: Hash tables configured (established 16384 bind 16384)
Nov 24 16:29:56 nefarious-laptop kernel: [    2.338086] TCP reno registered
Nov 24 16:29:56 nefarious-laptop kernel: [    2.338410] NET: Registered protocol family 1
Nov 24 16:29:56 nefarious-laptop kernel: [    2.338676] checking if image is initramfs... it is
Nov 24 16:29:56 nefarious-laptop kernel: [    2.837415] Switched to high resolution mode on CPU 0
Nov 24 16:29:56 nefarious-laptop kernel: [    2.915509] Freeing initrd memory: 7430k freed
Nov 24 16:29:56 nefarious-laptop kernel: [    2.915858] platform rtc_cmos: registered platform RTC device (no PNP device found)
Nov 24 16:29:56 nefarious-laptop kernel: [    2.915966] cpufreq: No nForce2 chipset.
Nov 24 16:29:56 nefarious-laptop kernel: [    2.918807] audit: initializing netlink socket (disabled)
Nov 24 16:29:56 nefarious-laptop kernel: [    2.919113] type=2000 audit(1259098169.916:1): initialized
Nov 24 16:29:56 nefarious-laptop kernel: [    2.928400] HugeTLB registered 4 MB page size, pre-allocated 0 pages
Nov 24 16:29:56 nefarious-laptop kernel: [    2.929778] VFS: Disk quotas dquot_6.5.1
Nov 24 16:29:56 nefarious-laptop kernel: [    2.929855] Dquot-cache hash table entries: 1024 (order 0, 4096 bytes)
Nov 24 16:29:56 nefarious-laptop kernel: [    2.931113] fuse init (API version 7.10)
Nov 24 16:29:56 nefarious-laptop kernel: [    2.931185] msgmni has been set to 994
Nov 24 16:29:56 nefarious-laptop kernel: [    2.946209] alg: No test for stdrng (krng)
Nov 24 16:29:56 nefarious-laptop kernel: [    2.949145] io scheduler noop registered
Nov 24 16:29:56 nefarious-laptop kernel: [    2.949157] io scheduler anticipatory registered
Nov 24 16:29:56 nefarious-laptop kernel: [    2.949165] io scheduler deadline registered
Nov 24 16:29:56 nefarious-laptop kernel: [    2.949264] io scheduler cfq registered (default)
Nov 24 16:29:56 nefarious-laptop kernel: [    2.949329] pci 0000:00:00.0: Limiting direct PCI/PCI transfers
Nov 24 16:29:56 nefarious-laptop kernel: [    2.949667] pci 0000:00:01.0: Activating ISA DMA hang workarounds
Nov 24 16:29:56 nefarious-laptop kernel: [    2.949695] pci 0000:00:02.0: Boot video device
Nov 24 16:29:56 nefarious-laptop kernel: [    3.064825] pci_hotplug: PCI Hot Plug PCI Core version: 0.5
Nov 24 16:29:56 nefarious-laptop kernel: [    3.064846] pciehp: PCI Express Hot Plug Controller Driver version: 0.4
Nov 24 16:29:56 nefarious-laptop kernel: [    3.068282] ACPI: AC Adapter [AC] (on-line)
Nov 24 16:29:56 nefarious-laptop kernel: [    3.187097] ACPI: Battery Slot [BAT0] (battery present)
Nov 24 16:29:56 nefarious-laptop kernel: [    3.187992] input: Power Button (FF) as /devices/LNXSYSTM:00/LNXPWRBN:00/input/input0
Nov 24 16:29:56 nefarious-laptop kernel: [    3.188322] ACPI: Power Button (FF) [PWRF]
Nov 24 16:29:56 nefarious-laptop kernel: [    3.188639] input: Sleep Button (FF) as /devices/LNXSYSTM:00/LNXSLPBN:00/input/input1
Nov 24 16:29:56 nefarious-laptop kernel: [    3.188674] ACPI: Sleep Button (FF) [SLPF]
Nov 24 16:29:56 nefarious-laptop kernel: [    3.250558] isapnp: Scanning for PnP cards...
Nov 24 16:29:56 nefarious-laptop kernel: [    3.615544] isapnp: No Plug & Play device found
Nov 24 16:29:56 nefarious-laptop kernel: [    3.629602] Serial: 8250/16550 driver4 ports, IRQ sharing enabled
Nov 24 16:29:56 nefarious-laptop kernel: [    3.635312] brd: module loaded
Nov 24 16:29:56 nefarious-laptop kernel: [    3.635782] loop: module loaded
Nov 24 16:29:56 nefarious-laptop kernel: [    3.635920] Fixed MDIO Bus: probed
Nov 24 16:29:56 nefarious-laptop kernel: [    3.635939] PPP generic driver version 2.4.2
Nov 24 16:29:56 nefarious-laptop kernel: [    3.635968] input: Macintosh mouse button emulation as /devices/virtual/input/input2
Nov 24 16:29:56 nefarious-laptop kernel: [    3.636110] Driver 'sd' needs updating - please use bus_type methods
Nov 24 16:29:56 nefarious-laptop kernel: [    3.636126] Driver 'sr' needs updating - please use bus_type methods
Nov 24 16:29:56 nefarious-laptop kernel: [    3.653411] ata_piix 0000:00:01.1: version 2.12
Nov 24 16:29:56 nefarious-laptop kernel: [    3.655192] ata_piix 0000:00:01.1: setting latency timer to 64
Nov 24 16:29:56 nefarious-laptop kernel: [    3.658462] scsi0 : ata_piix
Nov 24 16:29:56 nefarious-laptop kernel: [    3.658916] scsi1 : ata_piix
Nov 24 16:29:56 nefarious-laptop kernel: [    3.659348] ata1: PATA max UDMA/33 cmd 0x1f0 ctl 0x3f6 bmdma 0xd000 irq 14
Nov 24 16:29:56 nefarious-laptop kernel: [    3.659359] ata2: PATA max UDMA/33 cmd 0x170 ctl 0x376 bmdma 0xd008 irq 15
Nov 24 16:29:56 nefarious-laptop kernel: [    3.859553] ata1.00: ATA-6: VBOX HARDDISK, 1.0, max UDMA/133
Nov 24 16:29:56 nefarious-laptop kernel: [    3.859568] ata1.00: 8388608 sectors, multi 128: LBA 
Nov 24 16:29:56 nefarious-laptop kernel: [    3.868525] ata1.00: configured for UDMA/33
Nov 24 16:29:56 nefarious-laptop kernel: [    4.026666] ata2.00: ATAPI: VBOX CD-ROM, 1.0, max UDMA/133
Nov 24 16:29:56 nefarious-laptop kernel: [    4.027948] ata2.00: configured for UDMA/33
Nov 24 16:29:56 nefarious-laptop kernel: [    4.064237] scsi 0:0:0:0: Direct-Access     ATA      VBOX HARDDISK    1.0  PQ: 0 ANSI: 5
Nov 24 16:29:56 nefarious-laptop kernel: [    4.067754] sd 0:0:0:0: [sda] 8388608 512-byte hardware sectors: (4.29 GB/4.00 GiB)
Nov 24 16:29:56 nefarious-laptop kernel: [    4.068069] sd 0:0:0:0: [sda] Write Protect is off
Nov 24 16:29:56 nefarious-laptop kernel: [    4.068079] sd 0:0:0:0: [sda] Mode Sense: 00 3a 00 00
Nov 24 16:29:56 nefarious-laptop kernel: [    4.068242] sd 0:0:0:0: [sda] Write cache: enabled, read cache: enabled, doesn't support DPO or FUA
Nov 24 16:29:56 nefarious-laptop kernel: [    4.071407] sd 0:0:0:0: [sda] 8388608 512-byte hardware sectors: (4.29 GB/4.00 GiB)
Nov 24 16:29:56 nefarious-laptop kernel: [    4.071504] sd 0:0:0:0: [sda] Write Protect is off
Nov 24 16:29:56 nefarious-laptop kernel: [    4.071514] sd 0:0:0:0: [sda] Mode Sense: 00 3a 00 00
Nov 24 16:29:56 nefarious-laptop kernel: [    4.071679] sd 0:0:0:0: [sda] Write cache: enabled, read cache: enabled, doesn't support DPO or FUA
Nov 24 16:29:56 nefarious-laptop kernel: [    4.071704]  sda: sda1 sda2 sda3 < sda5 >
Nov 24 16:29:56 nefarious-laptop kernel: [    4.087897] sd 0:0:0:0: [sda] Attached SCSI disk
Nov 24 16:29:56 nefarious-laptop kernel: [    4.088987] sd 0:0:0:0: Attached scsi generic sg0 type 0
Nov 24 16:29:56 nefarious-laptop kernel: [    4.091652] scsi 1:0:0:0: CD-ROM            VBOX     CD-ROM           1.0  PQ: 0 ANSI: 5
Nov 24 16:29:56 nefarious-laptop kernel: [    4.098283] sr0: scsi3-mmc drive: 32x/32x xa/form2 tray
Nov 24 16:29:56 nefarious-laptop kernel: [    4.098301] Uniform CD-ROM driver Revision: 3.20
Nov 24 16:29:56 nefarious-laptop kernel: [    4.098443] sr 1:0:0:0: Attached scsi CD-ROM sr0
Nov 24 16:29:56 nefarious-laptop kernel: [    4.098506] sr 1:0:0:0: Attached scsi generic sg1 type 5
Nov 24 16:29:56 nefarious-laptop kernel: [    4.099160] ehci_hcd: USB 2.0 'Enhanced' Host Controller (EHCI) Driver
Nov 24 16:29:56 nefarious-laptop kernel: [    4.099644] ACPI: PCI Interrupt Link [LNKC] enabled at IRQ 11
Nov 24 16:29:56 nefarious-laptop kernel: [    4.099661] PCI: setting IRQ 11 as level-triggered
Nov 24 16:29:56 nefarious-laptop kernel: [    4.099677] ehci_hcd 0000:00:0b.0: PCI INT A -> Link[LNKC] -> GSI 11 (level, low) -> IRQ 11
Nov 24 16:29:56 nefarious-laptop kernel: [    4.099824] ehci_hcd 0000:00:0b.0: setting latency timer to 64
Nov 24 16:29:56 nefarious-laptop kernel: [    4.099849] ehci_hcd 0000:00:0b.0: EHCI Host Controller
Nov 24 16:29:56 nefarious-laptop kernel: [    4.099964] ehci_hcd 0000:00:0b.0: new USB bus registered, assigned bus number 1
Nov 24 16:29:56 nefarious-laptop kernel: [    4.102968] ehci_hcd 0000:00:0b.0: irq 11, io mem 0xf0805000
Nov 24 16:29:56 nefarious-laptop kernel: [    4.123738] ehci_hcd 0000:00:0b.0: USB 2.0 started, EHCI 1.00
Nov 24 16:29:56 nefarious-laptop kernel: [    4.132920] usb usb1: configuration #1 chosen from 1 choice
Nov 24 16:29:56 nefarious-laptop kernel: [    4.133003] hub 1-0:1.0: USB hub found
Nov 24 16:29:56 nefarious-laptop kernel: [    4.135514] hub 1-0:1.0: 8 ports detected
Nov 24 16:29:56 nefarious-laptop kernel: [    4.136457] ohci_hcd: USB 1.1 'Open' Host Controller (OHCI) Driver
Nov 24 16:29:56 nefarious-laptop kernel: [    4.136974] ACPI: PCI Interrupt Link [LNKB] enabled at IRQ 5
Nov 24 16:29:56 nefarious-laptop kernel: [    4.137011] PCI: setting IRQ 5 as level-triggered
Nov 24 16:29:56 nefarious-laptop kernel: [    4.137044] ohci_hcd 0000:00:06.0: PCI INT A -> Link[LNKB] -> GSI 5 (level, low) -> IRQ 5
Nov 24 16:29:56 nefarious-laptop kernel: [    4.137150] ohci_hcd 0000:00:06.0: setting latency timer to 64
Nov 24 16:29:56 nefarious-laptop kernel: [    4.137192] ohci_hcd 0000:00:06.0: OHCI Host Controller
Nov 24 16:29:56 nefarious-laptop kernel: [    4.137285] ohci_hcd 0000:00:06.0: new USB bus registered, assigned bus number 2
Nov 24 16:29:56 nefarious-laptop kernel: [    4.137885] ohci_hcd 0000:00:06.0: irq 5, io mem 0xf0804000
Nov 24 16:29:56 nefarious-laptop kernel: [    4.210062] usb usb2: configuration #1 chosen from 1 choice
Nov 24 16:29:56 nefarious-laptop kernel: [    4.210105] hub 2-0:1.0: USB hub found
Nov 24 16:29:56 nefarious-laptop kernel: [    4.211439] hub 2-0:1.0: 8 ports detected
Nov 24 16:29:56 nefarious-laptop kernel: [    4.214880] uhci_hcd: USB Universal Host Controller Interface driver
Nov 24 16:29:56 nefarious-laptop kernel: [    4.215393] PNP: PS/2 Controller [PNP0303:PS2K,PNP0f03:PS2M] at 0x60,0x64 irq 1,12
Nov 24 16:29:56 nefarious-laptop kernel: [    4.218827] serio: i8042 KBD port at 0x60,0x64 irq 1
Nov 24 16:29:56 nefarious-laptop kernel: [    4.219012] serio: i8042 AUX port at 0x60,0x64 irq 12
Nov 24 16:29:56 nefarious-laptop kernel: [    4.219642] mice: PS/2 mouse device common for all mice
Nov 24 16:29:56 nefarious-laptop kernel: [    4.222651] rtc_cmos rtc_cmos: rtc core: registered rtc_cmos as rtc0
Nov 24 16:29:56 nefarious-laptop kernel: [    4.224927] rtc0: alarms up to one day, 114 bytes nvram
Nov 24 16:29:56 nefarious-laptop kernel: [    4.225182] device-mapper: uevent: version 1.0.3
Nov 24 16:29:56 nefarious-laptop kernel: [    4.229279] input: AT Translated Set 2 keyboard as /devices/platform/i8042/serio0/input/input3
Nov 24 16:29:56 nefarious-laptop kernel: [    4.229582] device-mapper: ioctl: 4.14.0-ioctl (2008-04-23) initialised: dm-devel@redhat.com
Nov 24 16:29:56 nefarious-laptop kernel: [    4.229909] device-mapper: multipath: version 1.0.5 loaded
Nov 24 16:29:56 nefarious-laptop kernel: [    4.229920] device-mapper: multipath round-robin: version 1.0.0 loaded
Nov 24 16:29:56 nefarious-laptop kernel: [    4.230234] EISA: Probing bus 0 at eisa.0
Nov 24 16:29:56 nefarious-laptop kernel: [    4.230255] Cannot allocate resource for EISA slot 4
Nov 24 16:29:56 nefarious-laptop kernel: [    4.230273] EISA: Detected 0 cards.
Nov 24 16:29:56 nefarious-laptop kernel: [    4.231497] cpuidle: using governor ladder
Nov 24 16:29:56 nefarious-laptop kernel: [    4.231508] cpuidle: using governor menu
Nov 24 16:29:56 nefarious-laptop kernel: [    4.232262] TCP cubic registered
Nov 24 16:29:56 nefarious-laptop kernel: [    4.232370] NET: Registered protocol family 10
Nov 24 16:29:56 nefarious-laptop kernel: [    4.232759] lo: Disabled Privacy Extensions
Nov 24 16:29:56 nefarious-laptop kernel: [    4.232971] NET: Registered protocol family 17
Nov 24 16:29:56 nefarious-laptop kernel: [    4.233020] Bluetooth: L2CAP ver 2.11
Nov 24 16:29:56 nefarious-laptop kernel: [    4.233029] Bluetooth: L2CAP socket layer initialized
Nov 24 16:29:56 nefarious-laptop kernel: [    4.233037] Bluetooth: SCO (Voice Link) ver 0.6
Nov 24 16:29:56 nefarious-laptop kernel: [    4.233044] Bluetooth: SCO socket layer initialized
Nov 24 16:29:56 nefarious-laptop kernel: [    4.235764] Bluetooth: RFCOMM socket layer initialized
Nov 24 16:29:56 nefarious-laptop kernel: [    4.235820] Bluetooth: RFCOMM TTY layer initialized
Nov 24 16:29:56 nefarious-laptop kernel: [    4.235828] Bluetooth: RFCOMM ver 1.10
Nov 24 16:29:56 nefarious-laptop kernel: [    4.239047] IO APIC resources could be not be allocated.
Nov 24 16:29:56 nefarious-laptop kernel: [    4.244096] Using IPI No-Shortcut mode
Nov 24 16:29:56 nefarious-laptop kernel: [    4.244454] registered taskstats version 1
Nov 24 16:29:56 nefarious-laptop kernel: [    4.244577]   Magic number: 1:988:500
Nov 24 16:29:56 nefarious-laptop kernel: [    4.246056] rtc_cmos rtc_cmos: setting system clock to 2009-11-24 21:29:32 UTC (1259098172)
Nov 24 16:29:56 nefarious-laptop kernel: [    4.246090] BIOS EDD facility v0.16 2004-Jun-25, 0 devices found
Nov 24 16:29:56 nefarious-laptop kernel: [    4.246098] EDD information not available.
Nov 24 16:29:56 nefarious-laptop kernel: [    4.250464] Freeing unused kernel memory: 532k freed
Nov 24 16:29:56 nefarious-laptop kernel: [    4.255012] Write protecting the kernel text: 4120k
Nov 24 16:29:56 nefarious-laptop kernel: [    4.256451] Write protecting the kernel read-only data: 1524k
Nov 24 16:29:56 nefarious-laptop kernel: [    5.505177] Floppy drive(s): fd0 is 1.44M
Nov 24 16:29:56 nefarious-laptop kernel: [    5.528475] FDC 0 is a S82078B
Nov 24 16:29:56 nefarious-laptop kernel: [    5.794296] pcnet32.c:v1.35 21.Apr.2008 tsbogend@alpha.franken.de
Nov 24 16:29:56 nefarious-laptop kernel: [    5.794456] pcnet32 0000:00:03.0: PCI INT A -> Link[LNKC] -> GSI 11 (level, low) -> IRQ 11
Nov 24 16:29:56 nefarious-laptop kernel: [    5.794511] pcnet32 0000:00:03.0: setting latency timer to 64
Nov 24 16:29:56 nefarious-laptop kernel: [    5.794575] pcnet32: PCnet/FAST III 79C973 at 0xd020, 08:00:27:68:e3:e8 assigned IRQ 11.
Nov 24 16:29:56 nefarious-laptop kernel: [    5.794650] pcnet32: Found PHY 0022:561b at address 0.
Nov 24 16:29:56 nefarious-laptop kernel: [    5.796871] eth0: registered as PCnet/FAST III 79C973
Nov 24 16:29:56 nefarious-laptop kernel: [    5.796972] pcnet32: 1 cards_found.
Nov 24 16:29:56 nefarious-laptop kernel: [   12.676747] kjournald starting.  Commit interval 5 seconds
Nov 24 16:29:56 nefarious-laptop kernel: [   12.676877] EXT3-fs: mounted filesystem with ordered data mode.
Nov 24 16:29:56 nefarious-laptop kernel: [   20.572358] udev: starting version 141
Nov 24 16:29:56 nefarious-laptop kernel: [   20.998522] parport_pc 00:05: reported by Plug and Play ACPI
Nov 24 16:29:56 nefarious-laptop kernel: [   21.741514] piix4_smbus 0000:00:07.0: SMBus base address uninitialized - upgrade BIOS or use force_addr=0xaddr
Nov 24 16:29:56 nefarious-laptop kernel: [   21.926892] input: PC Speaker as /devices/platform/pcspkr/input/input4
Nov 24 16:29:56 nefarious-laptop kernel: [   22.043488] synaptics was reset on resume, see synaptics_resume_reset if you have trouble on resume
Nov 24 16:29:56 nefarious-laptop kernel: [   22.044456] psmouse serio1: ID: 10 00 64<6>input: ImExPS/2 Generic Explorer Mouse as /devices/platform/i8042/serio1/input/input5
Nov 24 16:29:56 nefarious-laptop kernel: [   22.587488] ACPI: PCI Interrupt Link [LNKA] enabled at IRQ 9
Nov 24 16:29:56 nefarious-laptop kernel: [   22.587499] PCI: setting IRQ 9 as level-triggered
Nov 24 16:29:56 nefarious-laptop kernel: [   22.587511] Intel ICH 0000:00:05.0: PCI INT A -> Link[LNKA] -> GSI 9 (level, low) -> IRQ 9
Nov 24 16:29:56 nefarious-laptop kernel: [   22.587552] Intel ICH 0000:00:05.0: setting latency timer to 64
Nov 24 16:29:56 nefarious-laptop kernel: [   22.854714] Control name 'Sigmatel Surround Phase Inversion Playback Switch' truncated to 'Sigmatel Surround Phase Inversion Playback '
Nov 24 16:29:56 nefarious-laptop kernel: [   22.912603] intel8x0_measure_ac97_clock: measured 54290 usecs
Nov 24 16:29:56 nefarious-laptop kernel: [   22.912616] intel8x0: measured clock 187106 rejected
Nov 24 16:29:56 nefarious-laptop kernel: [   22.912627] intel8x0: clocking to 48000
Nov 24 16:29:56 nefarious-laptop kernel: [   23.164299] ppdev: user-space parallel port driver
Nov 24 16:29:56 nefarious-laptop kernel: [   23.717473] lp: driver loaded but no devices found
Nov 24 16:29:56 nefarious-laptop kernel: [   24.470307] EXT3 FS on sda5, internal journal
Nov 24 16:29:56 nefarious-laptop kernel: [   26.132803] type=1505 audit(1259098194.386:2): operation="profile_load" name="/sbin/dhclient-script" name2="default" pid=1741
Nov 24 16:29:56 nefarious-laptop kernel: [   26.133328] type=1505 audit(1259098194.386:3): operation="profile_load" name="/sbin/dhclient3" name2="default" pid=1741
Nov 24 16:29:56 nefarious-laptop kernel: [   26.133574] type=1505 audit(1259098194.386:4): operation="profile_load" name="/usr/lib/NetworkManager/nm-dhcp-client.action" name2="default" pid=1741
Nov 24 16:29:56 nefarious-laptop kernel: [   26.133679] type=1505 audit(1259098194.386:5): operation="profile_load" name="/usr/lib/connman/scripts/dhclient-script" name2="default" pid=1741
Nov 24 16:29:56 nefarious-laptop kernel: [   26.276374] type=1505 audit(1259098194.530:6): operation="profile_load" name="/usr/lib/cups/backend/cups-pdf" name2="default" pid=1746
Nov 24 16:29:56 nefarious-laptop kernel: [   26.276621] type=1505 audit(1259098194.530:7): operation="profile_load" name="/usr/sbin/cupsd" name2="default" pid=1746
Nov 24 16:29:56 nefarious-laptop kernel: [   26.323967] type=1505 audit(1259098194.574:8): operation="profile_load" name="/usr/sbin/tcpdump" name2="default" pid=1750
Nov 24 16:29:58 nefarious-laptop acpid: client connected from 2201[110:117] 
Nov 24 16:29:58 nefarious-laptop bluetoothd[2215]: Bluetooth daemon
Nov 24 16:29:58 nefarious-laptop bluetoothd[2215]: Starting SDP server
Nov 24 16:29:58 nefarious-laptop kernel: [   30.312955] Bluetooth: BNEP (Ethernet Emulation) ver 1.3
Nov 24 16:29:58 nefarious-laptop kernel: [   30.312994] Bluetooth: BNEP filters: protocol multicast
Nov 24 16:29:58 nefarious-laptop bluetoothd[2215]: bridge pan0 created
Nov 24 16:29:58 nefarious-laptop bluetoothd[2215]: Starting experimental netlink support
Nov 24 16:29:58 nefarious-laptop bluetoothd[2215]: Failed to find Bluetooth netlink family
Nov 24 16:29:58 nefarious-laptop bluetoothd[2215]: Registered interface org.bluez.Service on path /org/bluez/2215/any
Nov 24 16:29:58 nefarious-laptop kernel: [   30.361979] Bridge firewalling registered
Nov 24 16:29:59 nefarious-laptop NetworkManager: <info>  starting... 
Nov 24 16:29:59 nefarious-laptop NetworkManager: <info>  (eth0): new Ethernet device (driver: 'pcnet32') 
Nov 24 16:29:59 nefarious-laptop NetworkManager: <info>  (eth0): exported as /org/freedesktop/Hal/devices/net_08_00_27_68_e3_e8 
Nov 24 16:29:59 nefarious-laptop NetworkManager: <info>  Trying to start the supplicant... 
Nov 24 16:29:59 nefarious-laptop NetworkManager: <info>  Trying to start the system settings daemon... 
Nov 24 16:29:59 nefarious-laptop nm-system-settings:    SCPlugin-Ifupdown: init!
Nov 24 16:29:59 nefarious-laptop nm-system-settings:    SCPlugin-Ifupdown: update_system_hostname
Nov 24 16:29:59 nefarious-laptop nm-system-settings:    SCPluginIfupdown: management mode: unmanaged
Nov 24 16:30:00 nefarious-laptop nm-system-settings:    SCPlugin-Ifupdown: device added (udi: /org/freedesktop/Hal/devices/net_08_00_27_68_e3_e8, iface: eth0): not well known
Nov 24 16:30:00 nefarious-laptop nm-system-settings:    SCPlugin-Ifupdown: end _init.
Nov 24 16:30:00 nefarious-laptop nm-system-settings: Loaded plugin ifupdown: (C) 2008 Canonical Ltd.  To report bugs please use the NetworkManager mailing list.
Nov 24 16:30:00 nefarious-laptop nm-system-settings: Loaded plugin keyfile: (c) 2007 - 2008 Red Hat, Inc.  To report bugs please use the NetworkManager mailing list.
Nov 24 16:30:00 nefarious-laptop nm-system-settings:    SCPlugin-Ifupdown: (138532608) ... get_connections.
Nov 24 16:30:00 nefarious-laptop nm-system-settings:    SCPlugin-Ifupdown: (138532608) ... get_connections (managed=false): return empty list.
Nov 24 16:30:00 nefarious-laptop avahi-daemon[2296]: Found user 'avahi' (UID 108) and group 'avahi' (GID 115).
Nov 24 16:30:00 nefarious-laptop avahi-daemon[2296]: Successfully dropped root privileges.
Nov 24 16:30:00 nefarious-laptop nm-system-settings:    Ifupdown: get unmanaged devices count: 0
Nov 24 16:30:00 nefarious-laptop avahi-daemon[2296]: avahi-daemon 0.6.23 starting up.
Nov 24 16:30:00 nefarious-laptop avahi-daemon[2296]: Successfully called chroot().
Nov 24 16:30:00 nefarious-laptop avahi-daemon[2296]: Successfully dropped remaining capabilities.
Nov 24 16:30:00 nefarious-laptop avahi-daemon[2296]: No service file found in /etc/avahi/services.
Nov 24 16:30:00 nefarious-laptop avahi-daemon[2296]: Network interface enumeration completed.
Nov 24 16:30:00 nefarious-laptop avahi-daemon[2296]: Registering HINFO record with values 'I686'/'LINUX'.
Nov 24 16:30:00 nefarious-laptop avahi-daemon[2296]: Server startup complete. Host name is nefarious-laptop.local. Local service cookie is 1284709400.
Nov 24 16:30:00 nefarious-laptop acpid: client connected from 2261[0:0] 
Nov 24 16:30:01 nefarious-laptop anacron[2402]: Anacron 2.3 started on 2009-11-24
Nov 24 16:30:01 nefarious-laptop anacron[2402]: Normal exit (0 jobs run)
Nov 24 16:30:01 nefarious-laptop /usr/sbin/cron[2445]: (CRON) INFO (pidfile fd = 3)
Nov 24 16:30:01 nefarious-laptop /usr/sbin/cron[2448]: (CRON) STARTUP (fork ok)
Nov 24 16:30:01 nefarious-laptop /usr/sbin/cron[2448]: (CRON) INFO (Running @reboot jobs)
Nov 24 16:30:04 nefarious-laptop NetworkManager: <info>  (eth0): device state change: 1 -> 2 
Nov 24 16:30:04 nefarious-laptop NetworkManager: <info>  (eth0): bringing up device. 
Nov 24 16:30:04 nefarious-laptop kernel: [   35.756070] eth0: link up, 100Mbps, full-duplex
Nov 24 16:30:04 nefarious-laptop nm-system-settings: Added default wired connection 'Auto eth0' for /org/freedesktop/Hal/devices/net_08_00_27_68_e3_e8
Nov 24 16:30:04 nefarious-laptop NetworkManager: <info>  (eth0): preparing device. 
Nov 24 16:30:04 nefarious-laptop NetworkManager: <info>  (eth0): deactivating device (reason: 2). 
Nov 24 16:30:04 nefarious-laptop NetworkManager: <info>  (eth0): carrier now ON (device state 2) 
Nov 24 16:30:04 nefarious-laptop NetworkManager: <info>  (eth0): device state change: 2 -> 3 
Nov 24 16:30:04 nefarious-laptop NetworkManager: <info>  Activation (eth0) starting connection 'Auto eth0' 
Nov 24 16:30:04 nefarious-laptop NetworkManager: <info>  (eth0): device state change: 3 -> 4 
Nov 24 16:30:04 nefarious-laptop NetworkManager: <info>  Activation (eth0) Stage 1 of 5 (Device Prepare) scheduled... 
Nov 24 16:30:04 nefarious-laptop NetworkManager: <info>  Activation (eth0) Stage 1 of 5 (Device Prepare) started... 
Nov 24 16:30:04 nefarious-laptop NetworkManager: <info>  Activation (eth0) Stage 2 of 5 (Device Configure) scheduled... 
Nov 24 16:30:04 nefarious-laptop NetworkManager: <info>  Activation (eth0) Stage 1 of 5 (Device Prepare) complete. 
Nov 24 16:30:04 nefarious-laptop NetworkManager: <info>  Activation (eth0) Stage 2 of 5 (Device Configure) starting... 
Nov 24 16:30:04 nefarious-laptop NetworkManager: <info>  (eth0): device state change: 4 -> 5 
Nov 24 16:30:04 nefarious-laptop NetworkManager: <info>  Activation (eth0) Stage 2 of 5 (Device Configure) successful. 
Nov 24 16:30:04 nefarious-laptop NetworkManager: <info>  Activation (eth0) Stage 3 of 5 (IP Configure Start) scheduled. 
Nov 24 16:30:04 nefarious-laptop NetworkManager: <info>  Activation (eth0) Stage 2 of 5 (Device Configure) complete. 
Nov 24 16:30:04 nefarious-laptop NetworkManager: <info>  Activation (eth0) Stage 3 of 5 (IP Configure Start) started... 
Nov 24 16:30:04 nefarious-laptop NetworkManager: <info>  (eth0): device state change: 5 -> 7 
Nov 24 16:30:04 nefarious-laptop NetworkManager: <info>  Activation (eth0) Beginning DHCP transaction. 
Nov 24 16:30:04 nefarious-laptop NetworkManager: <info>  dhclient started with pid 2537 
Nov 24 16:30:04 nefarious-laptop NetworkManager: <info>  Activation (eth0) Stage 3 of 5 (IP Configure Start) complete. 
Nov 24 16:30:04 nefarious-laptop dhclient: Internet Systems Consortium DHCP Client V3.1.1
Nov 24 16:30:04 nefarious-laptop dhclient: Copyright 2004-2008 Internet Systems Consortium.
Nov 24 16:30:04 nefarious-laptop dhclient: All rights reserved.
Nov 24 16:30:04 nefarious-laptop dhclient: For info, please visit http://www.isc.org/sw/dhcp/
Nov 24 16:30:04 nefarious-laptop dhclient: 
Nov 24 16:30:04 nefarious-laptop NetworkManager: <info>  DHCP: device eth0 state changed (null) -> preinit 
Nov 24 16:30:04 nefarious-laptop dhclient: Listening on LPF/eth0/08:00:27:68:e3:e8
Nov 24 16:30:04 nefarious-laptop dhclient: Sending on   LPF/eth0/08:00:27:68:e3:e8
Nov 24 16:30:04 nefarious-laptop dhclient: Sending on   Socket/fallback
Nov 24 16:30:05 nefarious-laptop avahi-daemon[2296]: Registering new address record for fe80::a00:27ff:fe68:e3e8 on eth0.*.
Nov 24 16:30:08 nefarious-laptop dhclient: DHCPDISCOVER on eth0 to 255.255.255.255 port 67 interval 7
Nov 24 16:30:08 nefarious-laptop dhclient: DHCPOFFER of 10.0.2.15 from 10.0.2.2
Nov 24 16:30:08 nefarious-laptop dhclient: DHCPREQUEST of 10.0.2.15 on eth0 to 255.255.255.255 port 67
Nov 24 16:30:08 nefarious-laptop dhclient: DHCPACK of 10.0.2.15 from 10.0.2.2
Nov 24 16:30:08 nefarious-laptop NetworkManager: <info>  DHCP: device eth0 state changed preinit -> bound 
Nov 24 16:30:08 nefarious-laptop NetworkManager: <info>  Activation (eth0) Stage 4 of 5 (IP Configure Get) scheduled... 
Nov 24 16:30:08 nefarious-laptop NetworkManager: <info>  Activation (eth0) Stage 4 of 5 (IP Configure Get) started... 
Nov 24 16:30:08 nefarious-laptop NetworkManager: <info>    address 10.0.2.15 
Nov 24 16:30:08 nefarious-laptop NetworkManager: <info>    prefix 24 (255.255.255.0) 
Nov 24 16:30:08 nefarious-laptop NetworkManager: <info>    gateway 10.0.2.2 
Nov 24 16:30:08 nefarious-laptop NetworkManager: <info>    nameserver '141.212.2.69' 
Nov 24 16:30:08 nefarious-laptop NetworkManager: <info>    nameserver '141.212.2.81' 
Nov 24 16:30:08 nefarious-laptop NetworkManager: <info>    domain name 'engin.umich.edu' 
Nov 24 16:30:08 nefarious-laptop NetworkManager: <info>  Activation (eth0) Stage 5 of 5 (IP Configure Commit) scheduled... 
Nov 24 16:30:08 nefarious-laptop NetworkManager: <info>  Activation (eth0) Stage 4 of 5 (IP Configure Get) complete. 
Nov 24 16:30:08 nefarious-laptop NetworkManager: <info>  Activation (eth0) Stage 5 of 5 (IP Configure Commit) started... 
Nov 24 16:30:08 nefarious-laptop avahi-daemon[2296]: Joining mDNS multicast group on interface eth0.IPv4 with address 10.0.2.15.
Nov 24 16:30:08 nefarious-laptop avahi-daemon[2296]: New relevant interface eth0.IPv4 for mDNS.
Nov 24 16:30:08 nefarious-laptop avahi-daemon[2296]: Registering new address record for 10.0.2.15 on eth0.IPv4.
Nov 24 16:30:08 nefarious-laptop dhclient: bound to 10.0.2.15 -- renewal in 40979 seconds.
Nov 24 16:30:09 nefarious-laptop NetworkManager: <info>  (eth0): device state change: 7 -> 8 
Nov 24 16:30:09 nefarious-laptop NetworkManager: <info>  Policy set 'Auto eth0' (eth0) as default for routing and DNS. 
Nov 24 16:30:09 nefarious-laptop NetworkManager: <info>  Activation (eth0) successful, device activated. 
Nov 24 16:30:09 nefarious-laptop NetworkManager: <info>  Activation (eth0) Stage 5 of 5 (IP Configure Commit) complete. 
Nov 24 21:30:11 nefarious-laptop ntpdate[2600]: step time server 91.189.94.4 offset 18001.228970 sec
Nov 24 21:30:15 nefarious-laptop kernel: [   46.484694] eth0: no IPv6 routers present
Nov 24 21:34:10 nefarious-laptop console-kit-daemon[2066]: WARNING: Couldn't read /proc/2065/environ: Failed to open file '/proc/2065/environ': No such file or directory 
Nov 24 21:34:21 nefarious-laptop anacron[2851]: Anacron 2.3 started on 2009-11-24
Nov 24 21:34:21 nefarious-laptop anacron[2851]: Normal exit (0 jobs run)
Nov 24 21:34:22 nefarious-laptop anacron[2902]: Anacron 2.3 started on 2009-11-24
Nov 24 21:34:22 nefarious-laptop anacron[2902]: Normal exit (0 jobs run)
Nov 24 21:37:38 nefarious-laptop kernel: [  488.639344] atkbd.c: Spurious NAK on isa0060/serio0. Some program might be trying access hardware directly.
Nov 24 21:40:01 nefarious-laptop /USR/SBIN/CRON[3137]: (root) CMD ([ -x /usr/sbin/update-motd ] && /usr/sbin/update-motd 2>/dev/null)
Nov 24 21:50:01 nefarious-laptop /USR/SBIN/CRON[3352]: (root) CMD ([ -x /usr/sbin/update-motd ] && /usr/sbin/update-motd 2>/dev/null)
Nov 24 22:00:01 nefarious-laptop /USR/SBIN/CRON[3577]: (root) CMD ([ -x /usr/sbin/update-motd ] && /usr/sbin/update-motd hourly 2>/dev/null)
Nov 24 22:00:01 nefarious-laptop /USR/SBIN/CRON[3589]: (root) CMD ([ -x /usr/sbin/update-motd ] && /usr/sbin/update-motd 2>/dev/null)
Nov 24 22:10:02 nefarious-laptop /USR/SBIN/CRON[3892]: (root) CMD ([ -x /usr/sbin/update-motd ] && /usr/sbin/update-motd 2>/dev/null)
Nov 24 22:17:01 nefarious-laptop /USR/SBIN/CRON[4108]: (root) CMD (   cd / && run-parts --report /etc/cron.hourly)
Nov 24 22:20:01 nefarious-laptop /USR/SBIN/CRON[4233]: (root) CMD ([ -x /usr/sbin/update-motd ] && /usr/sbin/update-motd 2>/dev/null)
Nov 24 22:30:01 nefarious-laptop /USR/SBIN/CRON[4448]: (root) CMD ([ -x /usr/sbin/update-motd ] && /usr/sbin/update-motd 2>/dev/null)
Nov 24 22:40:02 nefarious-laptop /USR/SBIN/CRON[4663]: (root) CMD ([ -x /usr/sbin/update-motd ] && /usr/sbin/update-motd 2>/dev/null)
Nov 24 22:50:01 nefarious-laptop /USR/SBIN/CRON[4879]: (root) CMD ([ -x /usr/sbin/update-motd ] && /usr/sbin/update-motd 2>/dev/null)
Nov 24 22:53:53 nefarious-laptop kernel: [ 5063.972744] atkbd.c: Spurious NAK on isa0060/serio0. Some program might be trying access hardware directly.
Nov 24 22:54:09 nefarious-laptop kernel: [ 5080.019066] atkbd.c: Spurious NAK on isa0060/serio0. Some program might be trying access hardware directly.
Nov 24 23:00:01 nefarious-laptop /USR/SBIN/CRON[5096]: (root) CMD ([ -x /usr/sbin/update-motd ] && /usr/sbin/update-motd hourly 2>/dev/null)
Nov 24 23:00:01 nefarious-laptop /USR/SBIN/CRON[5107]: (root) CMD ([ -x /usr/sbin/update-motd ] && /usr/sbin/update-motd 2>/dev/null)
Nov 24 23:10:01 nefarious-laptop /USR/SBIN/CRON[5445]: (root) CMD ([ -x /usr/sbin/update-motd ] && /usr/sbin/update-motd 2>/dev/null)
Nov 24 23:17:01 nefarious-laptop /USR/SBIN/CRON[5661]: (root) CMD (   cd / && run-parts --report /etc/cron.hourly)
Nov 24 23:20:01 nefarious-laptop /USR/SBIN/CRON[5786]: (root) CMD ([ -x /usr/sbin/update-motd ] && /usr/sbin/update-motd 2>/dev/null)
Nov 24 23:30:01 nefarious-laptop /USR/SBIN/CRON[6001]: (root) CMD ([ -x /usr/sbin/update-motd ] && /usr/sbin/update-motd 2>/dev/null)
Nov 24 23:40:01 nefarious-laptop /USR/SBIN/CRON[6216]: (root) CMD ([ -x /usr/sbin/update-motd ] && /usr/sbin/update-motd 2>/dev/null)
Nov 24 23:50:01 nefarious-laptop /USR/SBIN/CRON[6431]: (root) CMD ([ -x /usr/sbin/update-motd ] && /usr/sbin/update-motd 2>/dev/null)
Nov 25 00:00:01 nefarious-laptop /USR/SBIN/CRON[6661]: (root) CMD ([ -x /usr/sbin/update-motd ] && /usr/sbin/update-motd daily 2>/dev/null)
Nov 25 00:00:01 nefarious-laptop /USR/SBIN/CRON[6664]: (root) CMD ([ -x /usr/sbin/update-motd ] && /usr/sbin/update-motd 2>/dev/null)
Nov 25 00:00:01 nefarious-laptop /USR/SBIN/CRON[6667]: (root) CMD ([ -x /usr/sbin/update-motd ] && /usr/sbin/update-motd hourly 2>/dev/null)
Nov 25 00:10:01 nefarious-laptop /USR/SBIN/CRON[7062]: (root) CMD ([ -x /usr/sbin/update-motd ] && /usr/sbin/update-motd 2>/dev/null)
Nov 25 00:17:01 nefarious-laptop /USR/SBIN/CRON[7277]: (root) CMD (   cd / && run-parts --report /etc/cron.hourly)
Nov 25 00:18:17 nefarious-laptop init: tty4 main process (1862) killed by TERM signal
Nov 25 00:18:17 nefarious-laptop init: tty5 main process (1863) killed by TERM signal
Nov 25 00:18:17 nefarious-laptop init: tty2 main process (1871) killed by TERM signal
Nov 25 00:18:17 nefarious-laptop init: tty3 main process (1872) killed by TERM signal
Nov 25 00:18:17 nefarious-laptop init: tty6 main process (1873) killed by TERM signal
Nov 25 00:18:17 nefarious-laptop init: tty1 main process (2534) killed by TERM signal
Nov 25 00:18:18 nefarious-laptop kernel: [10128.583933] mtrr: no MTRR for e0000000,c00000 found
Nov 25 00:18:23 nefarious-laptop bluetoothd[2215]: bridge pan0 removed
Nov 25 00:18:23 nefarious-laptop bluetoothd[2215]: Stopping SDP server
Nov 25 00:18:23 nefarious-laptop bluetoothd[2215]: Exit
Nov 25 00:18:23 nefarious-laptop exiting on signal 15
Nov 24 19:32:37 nefarious-laptop syslogd 1.5.0#5ubuntu3: restart.
Nov 24 19:32:37 nefarious-laptop kernel: Inspecting /boot/System.map-2.6.28-16-generic
Nov 24 19:32:37 nefarious-laptop kernel: Cannot find map file.
Nov 24 19:32:37 nefarious-laptop kernel: Loaded 50862 symbols from 37 modules.
Nov 24 19:32:37 nefarious-laptop kernel: [    0.000000] BIOS EBDA/lowmem at: 0009fc00/0009fc00
Nov 24 19:32:37 nefarious-laptop kernel: [    0.000000] Initializing cgroup subsys cpuset
Nov 24 19:32:37 nefarious-laptop kernel: [    0.000000] Initializing cgroup subsys cpu
Nov 24 19:32:37 nefarious-laptop kernel: [    0.000000] Linux version 2.6.28-16-generic (buildd@vernadsky) (gcc version 4.3.3 (Ubuntu 4.3.3-5ubuntu4) ) #55-Ubuntu SMP Tue Oct 20 19:48:24 UTC 2009 (Ubuntu 2.6.28-16.55-generic)
Nov 24 19:32:37 nefarious-laptop kernel: [    0.000000] KERNEL supported cpus:
Nov 24 19:32:37 nefarious-laptop kernel: [    0.000000]   Intel GenuineIntel
Nov 24 19:32:37 nefarious-laptop kernel: [    0.000000]   AMD AuthenticAMD
Nov 24 19:32:37 nefarious-laptop kernel: [    0.000000]   NSC Geode by NSC
Nov 24 19:32:37 nefarious-laptop kernel: [    0.000000]   Cyrix CyrixInstead
Nov 24 19:32:37 nefarious-laptop kernel: [    0.000000]   Centaur CentaurHauls
Nov 24 19:32:37 nefarious-laptop kernel: [    0.000000]   Transmeta GenuineTMx86
Nov 24 19:32:37 nefarious-laptop kernel: [    0.000000]   Transmeta TransmetaCPU
Nov 24 19:32:37 nefarious-laptop kernel: [    0.000000]   UMC UMC UMC UMC
Nov 24 19:32:37 nefarious-laptop kernel: [    0.000000] BIOS-provided physical RAM map:
Nov 24 19:32:37 nefarious-laptop kernel: [    0.000000]  BIOS-e820: 0000000000000000 - 000000000009fc00 (usable)
Nov 24 19:32:37 nefarious-laptop kernel: [    0.000000]  BIOS-e820: 000000000009fc00 - 00000000000a0000 (reserved)
Nov 24 19:32:37 nefarious-laptop kernel: [    0.000000]  BIOS-e820: 00000000000f0000 - 0000000000100000 (reserved)
Nov 24 19:32:37 nefarious-laptop kernel: [    0.000000]  BIOS-e820: 0000000000100000 - 000000001fff0000 (usable)
Nov 24 19:32:37 nefarious-laptop kernel: [    0.000000]  BIOS-e820: 000000001fff0000 - 0000000020000000 (ACPI data)
Nov 24 19:32:37 nefarious-laptop kernel: [    0.000000]  BIOS-e820: 00000000fffc0000 - 0000000100000000 (reserved)
Nov 24 19:32:37 nefarious-laptop kernel: [    0.000000] DMI 2.5 present.
Nov 24 19:32:37 nefarious-laptop kernel: [    0.000000] last_pfn = 0x1fff0 max_arch_pfn = 0x100000
Nov 24 19:32:37 nefarious-laptop kernel: [    0.000000] CPU MTRRs all blank - virtualized system.
Nov 24 19:32:37 nefarious-laptop kernel: [    0.000000] Scanning 2 areas for low memory corruption
Nov 24 19:32:37 nefarious-laptop kernel: [    0.000000] modified physical RAM map:
Nov 24 19:32:37 nefarious-laptop kernel: [    0.000000]  modified: 0000000000000000 - 0000000000002000 (usable)
Nov 24 19:32:37 nefarious-laptop kernel: [    0.000000]  modified: 0000000000002000 - 0000000000006000 (reserved)
Nov 24 19:32:37 nefarious-laptop kernel: [    0.000000]  modified: 0000000000006000 - 0000000000007000 (usable)
Nov 24 19:32:37 nefarious-laptop kernel: [    0.000000]  modified: 0000000000007000 - 0000000000010000 (reserved)
Nov 24 19:32:37 nefarious-laptop kernel: [    0.000000]  modified: 0000000000010000 - 0000000000092c00 (usable)
Nov 24 19:32:37 nefarious-laptop kernel: [    0.000000]  modified: 000000000009fc00 - 00000000000a0000 (reserved)
Nov 24 19:32:37 nefarious-laptop kernel: [    0.000000]  modified: 00000000000f0000 - 0000000000100000 (reserved)
Nov 24 19:32:37 nefarious-laptop kernel: [    0.000000]  modified: 0000000000100000 - 000000001fff0000 (usable)
Nov 24 19:32:37 nefarious-laptop kernel: [    0.000000]  modified: 000000001fff0000 - 0000000020000000 (ACPI data)
Nov 24 19:32:37 nefarious-laptop kernel: [    0.000000]  modified: 00000000fffc0000 - 0000000100000000 (reserved)
Nov 24 19:32:37 nefarious-laptop kernel: [    0.000000] kernel direct mapping tables up to 1fff0000 @ 10000-16000
Nov 24 19:32:37 nefarious-laptop kernel: [    0.000000] RAMDISK: 1f89e000 - 1ffdfbc7
Nov 24 19:32:37 nefarious-laptop kernel: [    0.000000] ACPI: RSDP 000E0000, 0024 (r2 VBOX  )
Nov 24 19:32:37 nefarious-laptop kernel: [    0.000000] ACPI: XSDT 1FFF0030, 002C (r1 VBOX   VBOXXSDT        1 ASL        61)
Nov 24 19:32:37 nefarious-laptop kernel: [    0.000000] ACPI: FACP 1FFF00E0, 00F4 (r4 VBOX   VBOXFACP        1 ASL        61)
Nov 24 19:32:37 nefarious-laptop kernel: [    0.000000] ACPI: DSDT 1FFF0220, 1A0C (r1 VBOX   VBOXBIOS        2 INTL 20090521)
Nov 24 19:32:37 nefarious-laptop kernel: [    0.000000] ACPI: FACS 1FFF01E0, 0040
Nov 24 19:32:37 nefarious-laptop kernel: [    0.000000] 0MB HIGHMEM available.
Nov 24 19:32:37 nefarious-laptop kernel: [    0.000000] 511MB LOWMEM available.
Nov 24 19:32:37 nefarious-laptop kernel: [    0.000000]   mapped low ram: 0 - 1fff0000
Nov 24 19:32:37 nefarious-laptop kernel: [    0.000000]   low ram: 00000000 - 1fff0000
Nov 24 19:32:37 nefarious-laptop kernel: [    0.000000]   bootmap 00012000 - 00016000
Nov 24 19:32:37 nefarious-laptop kernel: [    0.000000] (9 early reservations) ==> bootmem [0000000000 - 001fff0000]
Nov 24 19:32:37 nefarious-laptop kernel: [    0.000000]   #0 [0000000000 - 0000001000]   BIOS data page ==> [0000000000 - 0000001000]
Nov 24 19:32:37 nefarious-laptop kernel: [    0.000000]   #1 [0000001000 - 0000002000]    EX TRAMPOLINE ==> [0000001000 - 0000002000]
Nov 24 19:32:37 nefarious-laptop kernel: [    0.000000]   #2 [0000006000 - 0000007000]       TRAMPOLINE ==> [0000006000 - 0000007000]
Nov 24 19:32:37 nefarious-laptop kernel: [    0.000000]   #3 [0000100000 - 00008780ac]    TEXT DATA BSS ==> [0000100000 - 00008780ac]
Nov 24 19:32:37 nefarious-laptop kernel: [    0.000000]   #4 [001f89e000 - 001ffdfbc7]          RAMDISK ==> [001f89e000 - 001ffdfbc7]
Nov 24 19:32:37 nefarious-laptop kernel: [    0.000000]   #5 [0000879000 - 000087d000]    INIT_PG_TABLE ==> [0000879000 - 000087d000]
Nov 24 19:32:37 nefarious-laptop kernel: [    0.000000]   #6 [000009fc00 - 0000100000]    BIOS reserved ==> [000009fc00 - 0000100000]
Nov 24 19:32:37 nefarious-laptop kernel: [    0.000000]   #7 [0000010000 - 0000012000]          PGTABLE ==> [0000010000 - 0000012000]
Nov 24 19:32:37 nefarious-laptop kernel: [    0.000000]   #8 [0000012000 - 0000016000]          BOOTMAP ==> [0000012000 - 0000016000]
Nov 24 19:32:37 nefarious-laptop kernel: [    0.000000] Zone PFN ranges:
Nov 24 19:32:37 nefarious-laptop kernel: [    0.000000]   DMA      0x00000000 -> 0x00001000
Nov 24 19:32:37 nefarious-laptop kernel: [    0.000000]   Normal   0x00001000 -> 0x0001fff0
Nov 24 19:32:37 nefarious-laptop kernel: [    0.000000]   HighMem  0x0001fff0 -> 0x0001fff0
Nov 24 19:32:37 nefarious-laptop kernel: [    0.000000] Movable zone start PFN for each node
Nov 24 19:32:37 nefarious-laptop kernel: [    0.000000] early_node_map[4] active PFN ranges
Nov 24 19:32:37 nefarious-laptop kernel: [    0.000000]     0: 0x00000000 -> 0x00000002
Nov 24 19:32:37 nefarious-laptop kernel: [    0.000000]     0: 0x00000006 -> 0x00000007
Nov 24 19:32:37 nefarious-laptop kernel: [    0.000000]     0: 0x00000010 -> 0x00000092
Nov 24 19:32:37 nefarious-laptop kernel: [    0.000000]     0: 0x00000100 -> 0x0001fff0
Nov 24 19:32:37 nefarious-laptop kernel: [    0.000000] On node 0 totalpages: 130933
Nov 24 19:32:37 nefarious-laptop kernel: [    0.000000] free_area_init_node: node 0, pgdat c06cb780, node_mem_map c1000000
Nov 24 19:32:37 nefarious-laptop kernel: [    0.000000]   DMA zone: 32 pages used for memmap
Nov 24 19:32:37 nefarious-laptop kernel: [    0.000000]   DMA zone: 0 pages reserved
Nov 24 19:32:37 nefarious-laptop kernel: [    0.000000]   DMA zone: 3941 pages, LIFO batch:0
Nov 24 19:32:37 nefarious-laptop kernel: [    0.000000]   Normal zone: 992 pages used for memmap
Nov 24 19:32:37 nefarious-laptop kernel: [    0.000000]   Normal zone: 125968 pages, LIFO batch:31
Nov 24 19:32:37 nefarious-laptop kernel: [    0.000000]   HighMem zone: 0 pages used for memmap
Nov 24 19:32:37 nefarious-laptop kernel: [    0.000000]   Movable zone: 0 pages used for memmap
Nov 24 19:32:37 nefarious-laptop kernel: [    0.000000] ACPI: PM-Timer IO Port: 0x4008
Nov 24 19:32:37 nefarious-laptop kernel: [    0.000000] SMP: Allowing 1 CPUs, 0 hotplug CPUs
Nov 24 19:32:37 nefarious-laptop kernel: [    0.000000] Found and enabled local APIC!
Nov 24 19:32:37 nefarious-laptop kernel: [    0.000000] PM: Registered nosave memory: 0000000000002000 - 0000000000006000
Nov 24 19:32:37 nefarious-laptop kernel: [    0.000000] PM: Registered nosave memory: 0000000000007000 - 0000000000010000
Nov 24 19:32:37 nefarious-laptop kernel: [    0.000000] PM: Registered nosave memory: 0000000000092000 - 00000000000a0000
Nov 24 19:32:37 nefarious-laptop kernel: [    0.000000] PM: Registered nosave memory: 00000000000a0000 - 00000000000f0000
Nov 24 19:32:37 nefarious-laptop kernel: [    0.000000] PM: Registered nosave memory: 00000000000f0000 - 0000000000100000
Nov 24 19:32:37 nefarious-laptop kernel: [    0.000000] Allocating PCI resources starting at 30000000 (gap: 20000000:dffc0000)
Nov 24 19:32:37 nefarious-laptop kernel: [    0.000000] PERCPU: Allocating 45056 bytes of per cpu data
Nov 24 19:32:37 nefarious-laptop kernel: [    0.000000] NR_CPUS: 64, nr_cpu_ids: 1, nr_node_ids 1
Nov 24 19:32:37 nefarious-laptop kernel: [    0.000000] Built 1 zonelists in Zone order, mobility grouping on.  Total pages: 129909
Nov 24 19:32:37 nefarious-laptop kernel: [    0.000000] Kernel command line: root=UUID=5682e4e0-1bb4-4186-af8b-8dafe126877d ro quiet splash 
Nov 24 19:32:37 nefarious-laptop kernel: [    0.000000] Enabling fast FPU save and restore... done.
Nov 24 19:32:37 nefarious-laptop kernel: [    0.000000] Enabling unmasked SIMD FPU exception support... done.
Nov 24 19:32:37 nefarious-laptop kernel: [    0.000000] Initializing CPU#0
Nov 24 19:32:37 nefarious-laptop kernel: [    0.000000] PID hash table entries: 2048 (order: 11, 8192 bytes)
Nov 24 19:32:37 nefarious-laptop kernel: [    0.000000] TSC: Unable to calibrate against PIT
Nov 24 19:32:37 nefarious-laptop kernel: [    0.000000] TSC: using PMTIMER reference calibration
Nov 24 19:32:37 nefarious-laptop kernel: [    0.000000] Detected 2396.287 MHz processor.
Nov 24 19:32:37 nefarious-laptop kernel: [    0.004000] Console: colour VGA+ 80x25
Nov 24 19:32:37 nefarious-laptop kernel: [    0.004000] console [tty0] enabled
Nov 24 19:32:37 nefarious-laptop kernel: [    0.004000] Dentry cache hash table entries: 65536 (order: 6, 262144 bytes)
Nov 24 19:32:37 nefarious-laptop kernel: [    0.004000] Inode-cache hash table entries: 32768 (order: 5, 131072 bytes)
Nov 24 19:32:37 nefarious-laptop kernel: [    0.004000] allocated 2621120 bytes of page_cgroup
Nov 24 19:32:37 nefarious-laptop kernel: [    0.004000] please try cgroup_disable=memory option if you don't want
Nov 24 19:32:37 nefarious-laptop kernel: [    0.004000] Scanning for low memory corruption every 60 seconds
Nov 24 19:32:37 nefarious-laptop kernel: [    0.004000] Memory: 501240k/524224k available (4116k kernel code, 22248k reserved, 2199k data, 532k init, 0k highmem)
Nov 24 19:32:37 nefarious-laptop kernel: [    0.004000] virtual kernel memory layout:
Nov 24 19:32:37 nefarious-laptop kernel: [    0.004000]     fixmap  : 0xffc77000 - 0xfffff000   (3616 kB)
Nov 24 19:32:37 nefarious-laptop kernel: [    0.004000]     pkmap   : 0xff400000 - 0xff800000   (4096 kB)
Nov 24 19:32:37 nefarious-laptop kernel: [    0.004000]     vmalloc : 0xe07f0000 - 0xff3fe000   ( 492 MB)
Nov 24 19:32:37 nefarious-laptop kernel: [    0.004000]     lowmem  : 0xc0000000 - 0xdfff0000   ( 511 MB)
Nov 24 19:32:37 nefarious-laptop kernel: [    0.004000]       .init : 0xc0733000 - 0xc07b8000   ( 532 kB)
Nov 24 19:32:37 nefarious-laptop kernel: [    0.004000]       .data : 0xc050520d - 0xc072ae60   (2199 kB)
Nov 24 19:32:37 nefarious-laptop kernel: [    0.004000]       .text : 0xc0100000 - 0xc050520d   (4116 kB)
Nov 24 19:32:37 nefarious-laptop kernel: [    0.004000] Checking if this processor honours the WP bit even in supervisor mode...Ok.
Nov 24 19:32:37 nefarious-laptop kernel: [    0.004000] SLUB: Genslabs=12, HWalign=64, Order=0-3, MinObjects=0, CPUs=1, Nodes=1
Nov 24 19:32:37 nefarious-laptop kernel: [    0.005236] Calibrating delay loop (skipped), value calculated using timer frequency.. 4792.57 BogoMIPS (lpj=9585148)
Nov 24 19:32:37 nefarious-laptop kernel: [    0.005701] Security Framework initialized
Nov 24 19:32:37 nefarious-laptop kernel: [    0.005767] SELinux:  Disabled at boot.
Nov 24 19:32:37 nefarious-laptop kernel: [    0.012935] AppArmor: AppArmor initialized
Nov 24 19:32:37 nefarious-laptop kernel: [    0.013207] Mount-cache hash table entries: 512
Nov 24 19:32:37 nefarious-laptop kernel: [    0.025036] Initializing cgroup subsys ns
Nov 24 19:32:37 nefarious-laptop kernel: [    0.025171] Initializing cgroup subsys cpuacct
Nov 24 19:32:37 nefarious-laptop kernel: [    0.025293] Initializing cgroup subsys memory
Nov 24 19:32:37 nefarious-laptop kernel: [    0.025437] Initializing cgroup subsys freezer
Nov 24 19:32:37 nefarious-laptop kernel: [    0.025656] 
Nov 24 19:32:37 nefarious-laptop kernel: [    0.025729] using mwait in idle threads.
Nov 24 19:32:37 nefarious-laptop kernel: [    0.026610] Checking 'hlt' instruction... OK.
Nov 24 19:32:37 nefarious-laptop kernel: [    0.059878] SMP alternatives: switching to UP code
Nov 24 19:32:37 nefarious-laptop kernel: [    0.544002] Freeing SMP alternatives: 18k freed
Nov 24 19:32:37 nefarious-laptop kernel: [    0.545131] ACPI: Core revision 20080926
Nov 24 19:32:37 nefarious-laptop kernel: [    0.549403] ACPI: Checking initramfs for custom DSDT
Nov 24 19:32:37 nefarious-laptop kernel: [    0.809910] ACPI: setting ELCR to 0200 (from 0e20)
Nov 24 19:32:37 nefarious-laptop kernel: [    0.841585] weird, boot CPU (#0) not listedby the BIOS.
Nov 24 19:32:37 nefarious-laptop kernel: [    0.841915] SMP motherboard not detected.
Nov 24 19:32:37 nefarious-laptop kernel: [    0.844002] SMP disabled
Nov 24 19:32:37 nefarious-laptop kernel: [    0.856269] Brought up 1 CPUs
Nov 24 19:32:37 nefarious-laptop kernel: [    0.856287] Total of 1 processors activated (4792.57 BogoMIPS).
Nov 24 19:32:37 nefarious-laptop kernel: [    0.856317] CPU0 attaching NULL sched-domain.
Nov 24 19:32:37 nefarious-laptop kernel: [    0.863292] net_namespace: 776 bytes
Nov 24 19:32:37 nefarious-laptop kernel: [    0.863368] Booting paravirtualized kernel on bare hardware
Nov 24 19:32:37 nefarious-laptop kernel: [    0.866176] Time:  0:32:07  Date: 11/25/09
Nov 24 19:32:37 nefarious-laptop kernel: [    0.866426] regulator: core version 0.5
Nov 24 19:32:37 nefarious-laptop kernel: [    0.866714] NET: Registered protocol family 16
Nov 24 19:32:37 nefarious-laptop kernel: [    0.870316] EISA bus registered
Nov 24 19:32:37 nefarious-laptop kernel: [    0.870544] ACPI: bus type pci registered
Nov 24 19:32:37 nefarious-laptop kernel: [    0.876176] PCI: PCI BIOS revision 2.10 entry at 0xfc080, last bus=0
Nov 24 19:32:37 nefarious-laptop kernel: [    0.876191] PCI: Using configuration type 1 for base access
Nov 24 19:32:37 nefarious-laptop kernel: [    0.882749] ACPI: EC: Look up EC in DSDT
Nov 24 19:32:37 nefarious-laptop kernel: [    0.964723] ACPI: Interpreter enabled
Nov 24 19:32:37 nefarious-laptop kernel: [    0.964741] ACPI: (supports S0 S5)
Nov 24 19:32:37 nefarious-laptop kernel: [    0.964772] ACPI: Using PIC for interrupt routing
Nov 24 19:32:37 nefarious-laptop kernel: [    1.069641] ACPI: No dock devices found.
Nov 24 19:32:37 nefarious-laptop kernel: [    1.071927] ACPI: PCI Root Bridge [PCI0] (0000:00)
Nov 24 19:32:37 nefarious-laptop kernel: [    1.089567] pci 0000:00:01.1: reg 20 io port: [0xd000-0xd00f]
Nov 24 19:32:37 nefarious-laptop kernel: [    1.090485] pci 0000:00:02.0: reg 10 32bit mmio: [0xe0000000-0xe0ffffff]
Nov 24 19:32:37 nefarious-laptop kernel: [    1.092381] pci 0000:00:03.0: reg 10 io port: [0xd020-0xd03f]
Nov 24 19:32:37 nefarious-laptop kernel: [    1.092463] pci 0000:00:03.0: reg 14 32bit mmio: [0xf0000000-0xf0000fff]
Nov 24 19:32:37 nefarious-laptop kernel: [    1.092526] pci 0000:00:03.0: reg 18 32bit mmio: [0xf0080000-0xf00fffff]
Nov 24 19:32:37 nefarious-laptop kernel: [    1.092836] pci 0000:00:04.0: reg 10 io port: [0xd040-0xd05f]
Nov 24 19:32:37 nefarious-laptop kernel: [    1.092920] pci 0000:00:04.0: reg 14 32bit mmio: [0xf0400000-0xf07fffff]
Nov 24 19:32:37 nefarious-laptop kernel: [    1.092986] pci 0000:00:04.0: reg 18 32bit mmio: [0xf0800000-0xf0803fff]
Nov 24 19:32:37 nefarious-laptop kernel: [    1.093297] pci 0000:00:05.0: reg 10 io port: [0xd100-0xd1ff]
Nov 24 19:32:37 nefarious-laptop kernel: [    1.093350] pci 0000:00:05.0: reg 14 io port: [0xd200-0xd23f]
Nov 24 19:32:37 nefarious-laptop kernel: [    1.093704] pci 0000:00:06.0: reg 10 32bit mmio: [0xf0804000-0xf0804fff]
Nov 24 19:32:37 nefarious-laptop kernel: [    1.094565] pci 0000:00:0b.0: reg 10 32bit mmio: [0xf0805000-0xf0805fff]
Nov 24 19:32:37 nefarious-laptop kernel: [    1.094884] bus 00 -> node 0
Nov 24 19:32:37 nefarious-laptop kernel: [    1.094938] ACPI: PCI Interrupt Routing Table [\_SB_.PCI0._PRT]
Nov 24 19:32:37 nefarious-laptop kernel: [    1.666207] ACPI: PCI Interrupt Link [LNKA] (IRQs 5 *9 10 11)
Nov 24 19:32:37 nefarious-laptop kernel: [    1.668516] ACPI: PCI Interrupt Link [LNKB] (IRQs *5 9 10 11)
Nov 24 19:32:37 nefarious-laptop kernel: [    1.668974] ACPI: PCI Interrupt Link [LNKC] (IRQs 5 9 10 *11)
Nov 24 19:32:37 nefarious-laptop kernel: [    1.669379] ACPI: PCI Interrupt Link [LNKD] (IRQs 5 9 *10 11)
Nov 24 19:32:37 nefarious-laptop kernel: [    1.670294] ACPI: WMI: Mapper loaded
Nov 24 19:32:37 nefarious-laptop kernel: [    1.675622] SCSI subsystem initialized
Nov 24 19:32:37 nefarious-laptop kernel: [    1.677392] libata version 3.00 loaded.
Nov 24 19:32:37 nefarious-laptop kernel: [    1.678981] usbcore: registered new interface driver usbfs
Nov 24 19:32:37 nefarious-laptop kernel: [    1.679250] usbcore: registered new interface driver hub
Nov 24 19:32:37 nefarious-laptop kernel: [    1.679384] usbcore: registered new device driver usb
Nov 24 19:32:37 nefarious-laptop kernel: [    1.689240] PCI: Using ACPI for IRQ routing
Nov 24 19:32:37 nefarious-laptop kernel: [    1.693070] Bluetooth: Core ver 2.13
Nov 24 19:32:37 nefarious-laptop kernel: [    1.693467] NET: Registered protocol family 31
Nov 24 19:32:37 nefarious-laptop kernel: [    1.693477] Bluetooth: HCI device and connection manager initialized
Nov 24 19:32:37 nefarious-laptop kernel: [    1.693492] Bluetooth: HCI socket layer initialized
Nov 24 19:32:37 nefarious-laptop kernel: [    1.693502] NET: Registered protocol family 8
Nov 24 19:32:37 nefarious-laptop kernel: [    1.693509] NET: Registered protocol family 20
Nov 24 19:32:37 nefarious-laptop kernel: [    1.693545] NetLabel: Initializing
Nov 24 19:32:37 nefarious-laptop kernel: [    1.693553] NetLabel:  domain hash size = 128
Nov 24 19:32:37 nefarious-laptop kernel: [    1.693560] NetLabel:  protocols = UNLABELED CIPSOv4
Nov 24 19:32:37 nefarious-laptop kernel: [    1.694215] NetLabel:  unlabeled traffic allowed by default
Nov 24 19:32:37 nefarious-laptop kernel: [    1.694969] AppArmor: AppArmor Filesystem Enabled
Nov 24 19:32:37 nefarious-laptop kernel: [    1.695025] pnp: PnP ACPI init
Nov 24 19:32:37 nefarious-laptop kernel: [    1.695025] ACPI: bus type pnp registered
Nov 24 19:32:37 nefarious-laptop kernel: [    1.784235] pnp: PnP ACPI: found 6 devices
Nov 24 19:32:37 nefarious-laptop kernel: [    1.784265] ACPI: ACPI bus type pnp unregistered
Nov 24 19:32:37 nefarious-laptop kernel: [    1.784313] PnPBIOS: Disabled by ACPI PNP
Nov 24 19:32:37 nefarious-laptop kernel: [    1.821363] bus: 00 index 0 io port: [0x00-0xffff]
Nov 24 19:32:37 nefarious-laptop kernel: [    1.821373] bus: 00 index 1 mmio: [0x000000-0xffffffff]
Nov 24 19:32:37 nefarious-laptop kernel: [    1.821394] NET: Registered protocol family 2
Nov 24 19:32:37 nefarious-laptop kernel: [    1.825070] IP route cache hash table entries: 4096 (order: 2, 16384 bytes)
Nov 24 19:32:37 nefarious-laptop kernel: [    1.825447] TCP established hash table entries: 16384 (order: 5, 131072 bytes)
Nov 24 19:32:37 nefarious-laptop kernel: [    1.825558] TCP bind hash table entries: 16384 (order: 5, 131072 bytes)
Nov 24 19:32:37 nefarious-laptop kernel: [    1.825661] TCP: Hash tables configured (established 16384 bind 16384)
Nov 24 19:32:37 nefarious-laptop kernel: [    1.825670] TCP reno registered
Nov 24 19:32:37 nefarious-laptop kernel: [    1.825992] NET: Registered protocol family 1
Nov 24 19:32:37 nefarious-laptop kernel: [    1.826260] checking if image is initramfs... it is
Nov 24 19:32:37 nefarious-laptop kernel: [    2.326356] Switched to high resolution mode on CPU 0
Nov 24 19:32:37 nefarious-laptop kernel: [    2.396990] Freeing initrd memory: 7430k freed
Nov 24 19:32:37 nefarious-laptop kernel: [    2.397328] platform rtc_cmos: registered platform RTC device (no PNP device found)
Nov 24 19:32:37 nefarious-laptop kernel: [    2.397532] cpufreq: No nForce2 chipset.
Nov 24 19:32:37 nefarious-laptop kernel: [    2.400402] audit: initializing netlink socket (disabled)
Nov 24 19:32:37 nefarious-laptop kernel: [    2.400706] type=2000 audit(1259109128.400:1): initialized
Nov 24 19:32:37 nefarious-laptop kernel: [    2.409417] HugeTLB registered 4 MB page size, pre-allocated 0 pages
Nov 24 19:32:37 nefarious-laptop kernel: [    2.410770] VFS: Disk quotas dquot_6.5.1
Nov 24 19:32:37 nefarious-laptop kernel: [    2.410839] Dquot-cache hash table entries: 1024 (order 0, 4096 bytes)
Nov 24 19:32:37 nefarious-laptop kernel: [    2.412121] fuse init (API version 7.10)
Nov 24 19:32:37 nefarious-laptop kernel: [    2.412195] msgmni has been set to 994
Nov 24 19:32:37 nefarious-laptop kernel: [    2.427371] alg: No test for stdrng (krng)
Nov 24 19:32:37 nefarious-laptop kernel: [    2.429801] io scheduler noop registered
Nov 24 19:32:37 nefarious-laptop kernel: [    2.429823] io scheduler anticipatory registered
Nov 24 19:32:37 nefarious-laptop kernel: [    2.429840] io scheduler deadline registered
Nov 24 19:32:37 nefarious-laptop kernel: [    2.429953] io scheduler cfq registered (default)
Nov 24 19:32:37 nefarious-laptop kernel: [    2.430130] pci 0000:00:00.0: Limiting direct PCI/PCI transfers
Nov 24 19:32:37 nefarious-laptop kernel: [    2.430510] pci 0000:00:01.0: Activating ISA DMA hang workarounds
Nov 24 19:32:37 nefarious-laptop kernel: [    2.430545] pci 0000:00:02.0: Boot video device
Nov 24 19:32:37 nefarious-laptop kernel: [    2.613055] pci_hotplug: PCI Hot Plug PCI Core version: 0.5
Nov 24 19:32:37 nefarious-laptop kernel: [    2.613114] pciehp: PCI Express Hot Plug Controller Driver version: 0.4
Nov 24 19:32:37 nefarious-laptop kernel: [    2.619246] ACPI: AC Adapter [AC] (on-line)
Nov 24 19:32:37 nefarious-laptop kernel: [    2.811597] ACPI: Battery Slot [BAT0] (battery present)
Nov 24 19:32:37 nefarious-laptop kernel: [    2.812719] input: Power Button (FF) as /devices/LNXSYSTM:00/LNXPWRBN:00/input/input0
Nov 24 19:32:37 nefarious-laptop kernel: [    2.812778] ACPI: Power Button (FF) [PWRF]
Nov 24 19:32:37 nefarious-laptop kernel: [    2.813141] input: Sleep Button (FF) as /devices/LNXSYSTM:00/LNXSLPBN:00/input/input1
Nov 24 19:32:37 nefarious-laptop kernel: [    2.813196] ACPI: Sleep Button (FF) [SLPF]
Nov 24 19:32:37 nefarious-laptop kernel: [    2.906312] isapnp: Scanning for PnP cards...
Nov 24 19:32:37 nefarious-laptop kernel: [    3.265449] isapnp: No Plug & Play device found
Nov 24 19:32:37 nefarious-laptop kernel: [    3.276190] Serial: 8250/16550 driver4 ports, IRQ sharing enabled
Nov 24 19:32:37 nefarious-laptop kernel: [    3.283252] brd: module loaded
Nov 24 19:32:37 nefarious-laptop kernel: [    3.283741] loop: module loaded
Nov 24 19:32:37 nefarious-laptop kernel: [    3.283881] Fixed MDIO Bus: probed
Nov 24 19:32:37 nefarious-laptop kernel: [    3.283901] PPP generic driver version 2.4.2
Nov 24 19:32:37 nefarious-laptop kernel: [    3.283980] input: Macintosh mouse button emulation as /devices/virtual/input/input2
Nov 24 19:32:37 nefarious-laptop kernel: [    3.284244] Driver 'sd' needs updating - please use bus_type methods
Nov 24 19:32:37 nefarious-laptop kernel: [    3.284261] Driver 'sr' needs updating - please use bus_type methods
Nov 24 19:32:37 nefarious-laptop kernel: [    3.299238] ata_piix 0000:00:01.1: version 2.12
Nov 24 19:32:37 nefarious-laptop kernel: [    3.301101] ata_piix 0000:00:01.1: setting latency timer to 64
Nov 24 19:32:37 nefarious-laptop kernel: [    3.304473] scsi0 : ata_piix
Nov 24 19:32:37 nefarious-laptop kernel: [    3.304928] scsi1 : ata_piix
Nov 24 19:32:37 nefarious-laptop kernel: [    3.305404] ata1: PATA max UDMA/33 cmd 0x1f0 ctl 0x3f6 bmdma 0xd000 irq 14
Nov 24 19:32:37 nefarious-laptop kernel: [    3.305416] ata2: PATA max UDMA/33 cmd 0x170 ctl 0x376 bmdma 0xd008 irq 15
Nov 24 19:32:37 nefarious-laptop kernel: [    3.503096] ata1.00: ATA-6: VBOX HARDDISK, 1.0, max UDMA/133
Nov 24 19:32:37 nefarious-laptop kernel: [    3.503113] ata1.00: 8388608 sectors, multi 128: LBA 
Nov 24 19:32:37 nefarious-laptop kernel: [    3.511277] ata1.00: configured for UDMA/33
Nov 24 19:32:37 nefarious-laptop kernel: [    3.681734] ata2.00: ATAPI: VBOX CD-ROM, 1.0, max UDMA/133
Nov 24 19:32:37 nefarious-laptop kernel: [    3.691566] ata2.00: configured for UDMA/33
Nov 24 19:32:37 nefarious-laptop kernel: [    3.737835] scsi 0:0:0:0: Direct-Access     ATA      VBOX HARDDISK    1.0  PQ: 0 ANSI: 5
Nov 24 19:32:37 nefarious-laptop kernel: [    3.741376] sd 0:0:0:0: [sda] 8388608 512-byte hardware sectors: (4.29 GB/4.00 GiB)
Nov 24 19:32:37 nefarious-laptop kernel: [    3.742158] sd 0:0:0:0: [sda] Write Protect is off
Nov 24 19:32:37 nefarious-laptop kernel: [    3.742187] sd 0:0:0:0: [sda] Mode Sense: 00 3a 00 00
Nov 24 19:32:37 nefarious-laptop kernel: [    3.742489] sd 0:0:0:0: [sda] Write cache: enabled, read cache: enabled, doesn't support DPO or FUA
Nov 24 19:32:37 nefarious-laptop kernel: [    3.745617] sd 0:0:0:0: [sda] 8388608 512-byte hardware sectors: (4.29 GB/4.00 GiB)
Nov 24 19:32:37 nefarious-laptop kernel: [    3.745778] sd 0:0:0:0: [sda] Write Protect is off
Nov 24 19:32:37 nefarious-laptop kernel: [    3.745798] sd 0:0:0:0: [sda] Mode Sense: 00 3a 00 00
Nov 24 19:32:37 nefarious-laptop kernel: [    3.746041] sd 0:0:0:0: [sda] Write cache: enabled, read cache: enabled, doesn't support DPO or FUA
Nov 24 19:32:37 nefarious-laptop kernel: [    3.746073]  sda: sda1 sda2 sda3 < sda5 >
Nov 24 19:32:37 nefarious-laptop kernel: [    3.762837] sd 0:0:0:0: [sda] Attached SCSI disk
Nov 24 19:32:37 nefarious-laptop kernel: [    3.763908] sd 0:0:0:0: Attached scsi generic sg0 type 0
Nov 24 19:32:37 nefarious-laptop kernel: [    3.785592] scsi 1:0:0:0: CD-ROM            VBOX     CD-ROM           1.0  PQ: 0 ANSI: 5
Nov 24 19:32:37 nefarious-laptop kernel: [    3.872189] sr0: scsi3-mmc drive: 32x/32x xa/form2 tray
Nov 24 19:32:37 nefarious-laptop kernel: [    3.872256] Uniform CD-ROM driver Revision: 3.20
Nov 24 19:32:37 nefarious-laptop kernel: [    3.872660] sr 1:0:0:0: Attached scsi CD-ROM sr0
Nov 24 19:32:37 nefarious-laptop kernel: [    3.872839] sr 1:0:0:0: Attached scsi generic sg1 type 5
Nov 24 19:32:37 nefarious-laptop kernel: [    3.874709] ehci_hcd: USB 2.0 'Enhanced' Host Controller (EHCI) Driver
Nov 24 19:32:37 nefarious-laptop kernel: [    3.875788] ACPI: PCI Interrupt Link [LNKC] enabled at IRQ 11
Nov 24 19:32:37 nefarious-laptop kernel: [    3.876247] PCI: setting IRQ 11 as level-triggered
Nov 24 19:32:37 nefarious-laptop kernel: [    3.876295] ehci_hcd 0000:00:0b.0: PCI INT A -> Link[LNKC] -> GSI 11 (level, low) -> IRQ 11
Nov 24 19:32:37 nefarious-laptop kernel: [    3.876652] ehci_hcd 0000:00:0b.0: setting latency timer to 64
Nov 24 19:32:37 nefarious-laptop kernel: [    3.876724] ehci_hcd 0000:00:0b.0: EHCI Host Controller
Nov 24 19:32:37 nefarious-laptop kernel: [    3.877024] ehci_hcd 0000:00:0b.0: new USB bus registered, assigned bus number 1
Nov 24 19:32:37 nefarious-laptop kernel: [    3.881251] ehci_hcd 0000:00:0b.0: irq 11, io mem 0xf0805000
Nov 24 19:32:37 nefarious-laptop kernel: [    3.912460] ehci_hcd 0000:00:0b.0: USB 2.0 started, EHCI 1.00
Nov 24 19:32:37 nefarious-laptop kernel: [    3.922732] usb usb1: configuration #1 chosen from 1 choice
Nov 24 19:32:37 nefarious-laptop kernel: [    3.922867] hub 1-0:1.0: USB hub found
Nov 24 19:32:37 nefarious-laptop kernel: [    3.929279] hub 1-0:1.0: 8 ports detected
Nov 24 19:32:37 nefarious-laptop kernel: [    3.930140] ohci_hcd: USB 1.1 'Open' Host Controller (OHCI) Driver
Nov 24 19:32:37 nefarious-laptop kernel: [    3.930796] ACPI: PCI Interrupt Link [LNKB] enabled at IRQ 5
Nov 24 19:32:37 nefarious-laptop kernel: [    3.930856] PCI: setting IRQ 5 as level-triggered
Nov 24 19:32:37 nefarious-laptop kernel: [    3.930910] ohci_hcd 0000:00:06.0: PCI INT A -> Link[LNKB] -> GSI 5 (level, low) -> IRQ 5
Nov 24 19:32:37 nefarious-laptop kernel: [    3.931059] ohci_hcd 0000:00:06.0: setting latency timer to 64
Nov 24 19:32:37 nefarious-laptop kernel: [    3.931115] ohci_hcd 0000:00:06.0: OHCI Host Controller
Nov 24 19:32:37 nefarious-laptop kernel: [    3.931223] ohci_hcd 0000:00:06.0: new USB bus registered, assigned bus number 2
Nov 24 19:32:37 nefarious-laptop kernel: [    3.931837] ohci_hcd 0000:00:06.0: irq 5, io mem 0xf0804000
Nov 24 19:32:37 nefarious-laptop kernel: [    4.006767] usb usb2: configuration #1 chosen from 1 choice
Nov 24 19:32:37 nefarious-laptop kernel: [    4.006889] hub 2-0:1.0: USB hub found
Nov 24 19:32:37 nefarious-laptop kernel: [    4.010914] hub 2-0:1.0: 8 ports detected
Nov 24 19:32:37 nefarious-laptop kernel: [    4.019401] uhci_hcd: USB Universal Host Controller Interface driver
Nov 24 19:32:37 nefarious-laptop kernel: [    4.019964] PNP: PS/2 Controller [PNP0303:PS2K,PNP0f03:PS2M] at 0x60,0x64 irq 1,12
Nov 24 19:32:37 nefarious-laptop kernel: [    4.024876] serio: i8042 KBD port at 0x60,0x64 irq 1
Nov 24 19:32:37 nefarious-laptop kernel: [    4.025052] serio: i8042 AUX port at 0x60,0x64 irq 12
Nov 24 19:32:37 nefarious-laptop kernel: [    4.025926] mice: PS/2 mouse device common for all mice
Nov 24 19:32:37 nefarious-laptop kernel: [    4.028443] rtc_cmos rtc_cmos: rtc core: registered rtc_cmos as rtc0
Nov 24 19:32:37 nefarious-laptop kernel: [    4.029890] rtc0: alarms up to one day, 114 bytes nvram
Nov 24 19:32:37 nefarious-laptop kernel: [    4.030252] device-mapper: uevent: version 1.0.3
Nov 24 19:32:37 nefarious-laptop kernel: [    4.034816] input: AT Translated Set 2 keyboard as /devices/platform/i8042/serio0/input/input3
Nov 24 19:32:37 nefarious-laptop kernel: [    4.037654] device-mapper: ioctl: 4.14.0-ioctl (2008-04-23) initialised: dm-devel@redhat.com
Nov 24 19:32:37 nefarious-laptop kernel: [    4.037987] device-mapper: multipath: version 1.0.5 loaded
Nov 24 19:32:37 nefarious-laptop kernel: [    4.038000] device-mapper: multipath round-robin: version 1.0.0 loaded
Nov 24 19:32:37 nefarious-laptop kernel: [    4.038218] EISA: Probing bus 0 at eisa.0
Nov 24 19:32:37 nefarious-laptop kernel: [    4.038242] Cannot allocate resource for EISA slot 4
Nov 24 19:32:37 nefarious-laptop kernel: [    4.038260] EISA: Detected 0 cards.
Nov 24 19:32:37 nefarious-laptop kernel: [    4.039762] cpuidle: using governor ladder
Nov 24 19:32:37 nefarious-laptop kernel: [    4.039774] cpuidle: using governor menu
Nov 24 19:32:37 nefarious-laptop kernel: [    4.040653] TCP cubic registered
Nov 24 19:32:37 nefarious-laptop kernel: [    4.040783] NET: Registered protocol family 10
Nov 24 19:32:37 nefarious-laptop kernel: [    4.041132] lo: Disabled Privacy Extensions
Nov 24 19:32:37 nefarious-laptop kernel: [    4.041345] NET: Registered protocol family 17
